Component: ARM Compiler 5.05 (build 41) Tool: armlink [4d0eb9]

==============================================================================

Section Cross References

    stm32f10x.o(STACK) refers (Special) to heapauxi.o(.text) for __use_two_region_memory
    stm32f10x.o(HEAP) refers (Special) to heapauxi.o(.text) for __use_two_region_memory
    stm32f10x.o(RESET) refers (Special) to heapauxi.o(.text) for __use_two_region_memory
    stm32f10x.o(RESET) refers to stm32f10x.o(STACK) for __initial_sp
    stm32f10x.o(RESET) refers to stm32f10x.o(.text) for Reset_Handler
    stm32f10x.o(RESET) refers to stm32f10x_it.o(.text) for PVD_IRQHandler
    stm32f10x.o(RESET) refers to ps2.o(.text) for EXTI15_10_IRQHandler
    stm32f10x.o(.text) refers (Special) to heapauxi.o(.text) for __use_two_region_memory
    stm32f10x.o(.text) refers to __main.o(!!!main) for __main
    stm32f10x.o(.text) refers to stm32f10x.o(HEAP) for Heap_Mem
    stm32f10x.o(.text) refers to stm32f10x.o(STACK) for Stack_Mem
    test.o(.text) refers to sys.o(.text) for Stm32_Clock_Init
    test.o(.text) refers to delay.o(.text) for delay_init
    test.o(.text) refers to hw_config.o(.text) for USB_Interrupts_Config
    test.o(.text) refers to usb_init.o(.text) for USB_Init
    test.o(.text) refers to keyscanner.o(.text) for KS_Init
    test.o(.text) refers to mouse.o(.text) for Init_Mouse
    test.o(.text) refers to ps2.o(.text) for PS2_En_Data_Report
    test.o(.text) refers to usb_keyboard.o(.text) for USB_Send_Key_Press
    test.o(.text) refers to test.o(.data) for ret
    test.o(.text) refers to ps2.o(.data) for PS2_Status
    test.o(.text) refers to mouse.o(.data) for MouseX
    delay.o(.text) refers to delay.o(.data) for fac_us
    sys.o(.text) refers to sys.o(.emb_text) for WFI_SET
    usart.o(.text) refers (Special) to use_no_semi_2.o(.text) for __use_no_semihosting
    usart.o(.text) refers to fflt_clz.o(x$fpl$ffltu) for __aeabi_ui2f
    usart.o(.text) refers to fdiv.o(x$fpl$fdiv) for __aeabi_fdiv
    usart.o(.text) refers to ffixu.o(x$fpl$ffixu) for __aeabi_f2uiz
    usart.o(.text) refers to faddsub_clz.o(x$fpl$frsb) for __aeabi_frsub
    usart.o(.text) refers to fmul.o(x$fpl$fmul) for __aeabi_fmul
    usart.o(.data) refers (Special) to use_no_semi_2.o(.text) for __use_no_semihosting
    usb_core.o(.text) refers to usb_regs.o(.text) for ClearDTOG_TX
    usb_core.o(.text) refers to usb_init.o(.data) for pInformation
    usb_core.o(.text) refers to usb_prop.o(.data) for Device_Table
    usb_core.o(.text) refers to usb_core.o(.data) for StatusInfo
    usb_core.o(.text) refers to usb_mem.o(.text) for PMAToUserBufferCopy
    usb_core.o(.text) refers to usb_int.o(.data) for SaveRState
    usb_init.o(.text) refers to usb_init.o(.bss) for Device_Info
    usb_init.o(.text) refers to usb_init.o(.data) for pInformation
    usb_init.o(.text) refers to usb_prop.o(.data) for Device_Property
    usb_int.o(.text) refers to usb_core.o(.text) for In0_Process
    usb_int.o(.text) refers to usb_istr.o(.data) for wIstr
    usb_int.o(.text) refers to usb_init.o(.data) for EPindex
    usb_int.o(.text) refers to usb_int.o(.data) for SaveRState
    hw_config.o(.text) refers to sys.o(.text) for MY_NVIC_Init
    hw_config.o(.text) refers to usb_regs.o(.text) for GetEPTxAddr
    hw_config.o(.text) refers to usb_mem.o(.text) for UserToPMABufferCopy
    hw_config.o(.text) refers to usb_pwr.o(.data) for bDeviceState
    hw_config.o(.text) refers to usb_init.o(.bss) for Device_Info
    hw_config.o(.text) refers to usb_desc.o(.data) for Joystick_StringSerial
    stm32f10x_it.o(.text) refers to usb_istr.o(.text) for USB_Istr
    usb_istr.o(.text) refers to usb_pwr.o(.text) for Resume
    usb_istr.o(.text) refers to usb_int.o(.text) for CTR_LP
    usb_istr.o(.text) refers to usb_regs.o(.text) for SetEPRxValid
    usb_istr.o(.text) refers to usb_istr.o(.data) for wIstr
    usb_istr.o(.text) refers to usb_init.o(.data) for wInterrupt_Mask
    usb_istr.o(.text) refers to usb_prop.o(.data) for Device_Property
    usb_istr.o(.text) refers to usb_pwr.o(.data) for fSuspendEnabled
    usb_istr.o(.data) refers to usb_istr.o(.text) for EP1_IN_Callback
    usb_istr.o(.data) refers to usb_core.o(.text) for NOP_Process
    usb_prop.o(.text) refers to hw_config.o(.text) for Get_SerialNum
    usb_prop.o(.text) refers to usb_pwr.o(.text) for PowerOn
    usb_prop.o(.text) refers to usb_regs.o(.text) for SetBTABLE
    usb_prop.o(.text) refers to usb_core.o(.text) for SetDeviceAddress
    usb_prop.o(.text) refers to usb_init.o(.data) for pInformation
    usb_prop.o(.text) refers to usb_pwr.o(.data) for bDeviceState
    usb_prop.o(.text) refers to usb_desc.o(.constdata) for Joystick_ConfigDescriptor
    usb_prop.o(.text) refers to usb_prop.o(.data) for Device_Property
    usb_prop.o(.data) refers to usb_prop.o(.text) for Joystick_init
    usb_prop.o(.data) refers to usb_core.o(.text) for NOP_Process
    usb_prop.o(.data) refers to usb_desc.o(.constdata) for Joystick_DeviceDescriptor
    usb_prop.o(.data) refers to usb_desc.o(.data) for Joystick_StringSerial
    usb_pwr.o(.text) refers to hw_config.o(.text) for Enter_LowPowerMode
    usb_pwr.o(.text) refers to usb_init.o(.data) for wInterrupt_Mask
    usb_pwr.o(.text) refers to usb_pwr.o(.data) for ResumeS
    keyscanner.o(.text) refers to delay.o(.text) for delay_us
    keyscanner.o(.text) refers to keyscanner.o(.data) for KEY_MAP1
    usb_keyboard.o(.text) refers to hw_config.o(.text) for keyboard_Send
    keyboard.o(.text) refers to ps2.o(.text) for PS2_Init
    keyboard.o(.text) refers to delay.o(.text) for delay_ms
    keyboard.o(.text) refers to ps2.o(.bss) for PS2_DATA_BUF
    keyboard.o(.text) refers to ps2.o(.data) for PS2_Status
    keyboard.o(.text) refers to keyboard.o(.data) for KEYBOARD_ID1
    mouse.o(.text) refers to delay.o(.text) for delay_ms
    mouse.o(.text) refers to ps2.o(.text) for PS2_Init
    mouse.o(.text) refers to ps2.o(.bss) for PS2_DATA_BUF
    mouse.o(.text) refers to mouse.o(.data) for MouseX
    mouse.o(.text) refers to ps2.o(.data) for PS2_Status
    ps2.o(.text) refers to delay.o(.text) for delay_us
    ps2.o(.text) refers to ps2.o(.data) for BIT_Count
    ps2.o(.text) refers to ps2.o(.bss) for PS2_DATA_BUF
    ps2.o(.text) refers to keyboard.o(.data) for KEYBOARD_ID1
    ps2.o(.text) refers to mouse.o(.data) for MOUSE_ID
    ps2.o(.text) refers to sys.o(.text) for JTAG_Set
    use_no_semi_2.o(.text) refers (Special) to use_no_semi.o(.text) for __use_no_semihosting_swi
    __main.o(!!!main) refers to __rtentry.o(.ARM.Collect$$rtentry$$00000000) for __rt_entry
    faddsub_clz.o(x$fpl$fadd) refers (Special) to usenofp.o(x$fpl$usenofp) for __I$use$fp
    faddsub_clz.o(x$fpl$fadd) refers to faddsub_clz.o(x$fpl$fsub) for _fsub1
    faddsub_clz.o(x$fpl$fadd) refers to fretinf.o(x$fpl$fretinf) for __fpl_fretinf
    faddsub_clz.o(x$fpl$fadd) refers to fnaninf.o(x$fpl$fnaninf) for __fpl_fnaninf
    faddsub_clz.o(x$fpl$frsb) refers (Special) to usenofp.o(x$fpl$usenofp) for __I$use$fp
    faddsub_clz.o(x$fpl$frsb) refers to faddsub_clz.o(x$fpl$fadd) for _fadd1
    faddsub_clz.o(x$fpl$frsb) refers to faddsub_clz.o(x$fpl$fsub) for _fsub1
    faddsub_clz.o(x$fpl$fsub) refers (Special) to usenofp.o(x$fpl$usenofp) for __I$use$fp
    faddsub_clz.o(x$fpl$fsub) refers to faddsub_clz.o(x$fpl$fadd) for _fadd1
    faddsub_clz.o(x$fpl$fsub) refers to fnaninf.o(x$fpl$fnaninf) for __fpl_fnaninf
    fdiv.o(x$fpl$frdiv) refers (Special) to usenofp.o(x$fpl$usenofp) for __I$use$fp
    fdiv.o(x$fpl$frdiv) refers to fdiv.o(x$fpl$fdiv) for _fdiv1
    fdiv.o(x$fpl$fdiv) refers (Special) to usenofp.o(x$fpl$usenofp) for __I$use$fp
    fdiv.o(x$fpl$fdiv) refers to fretinf.o(x$fpl$fretinf) for __fpl_fretinf
    fdiv.o(x$fpl$fdiv) refers to fnaninf.o(x$fpl$fnaninf) for __fpl_fnaninf
    ffixu.o(x$fpl$ffixu) refers (Special) to usenofp.o(x$fpl$usenofp) for __I$use$fp
    ffixu.o(x$fpl$ffixu) refers to fnaninf.o(x$fpl$fnaninf) for __fpl_fnaninf
    ffixu.o(x$fpl$ffixur) refers (Special) to usenofp.o(x$fpl$usenofp) for __I$use$fp
    ffixu.o(x$fpl$ffixur) refers to fnaninf.o(x$fpl$fnaninf) for __fpl_fnaninf
    fflt_clz.o(x$fpl$ffltu) refers (Special) to usenofp.o(x$fpl$usenofp) for __I$use$fp
    fflt_clz.o(x$fpl$fflt) refers (Special) to usenofp.o(x$fpl$usenofp) for __I$use$fp
    fflt_clz.o(x$fpl$ffltn) refers (Special) to usenofp.o(x$fpl$usenofp) for __I$use$fp
    fmul.o(x$fpl$fmul) refers (Special) to usenofp.o(x$fpl$usenofp) for __I$use$fp
    fmul.o(x$fpl$fmul) refers to fretinf.o(x$fpl$fretinf) for __fpl_fretinf
    fmul.o(x$fpl$fmul) refers to fnaninf.o(x$fpl$fnaninf) for __fpl_fnaninf
    __rtentry.o(.ARM.Collect$$rtentry$$00000000) refers (Special) to __rtentry2.o(.ARM.Collect$$rtentry$$0000000A) for __rt_entry_li
    __rtentry.o(.ARM.Collect$$rtentry$$00000000) refers (Special) to __rtentry2.o(.ARM.Collect$$rtentry$$0000000D) for __rt_entry_main
    __rtentry.o(.ARM.Collect$$rtentry$$00000000) refers (Special) to __rtentry2.o(.ARM.Collect$$rtentry$$0000000C) for __rt_entry_postli_1
    __rtentry.o(.ARM.Collect$$rtentry$$00000000) refers (Special) to __rtentry2.o(.ARM.Collect$$rtentry$$00000009) for __rt_entry_postsh_1
    __rtentry.o(.ARM.Collect$$rtentry$$00000000) refers (Special) to __rtentry2.o(.ARM.Collect$$rtentry$$00000002) for __rt_entry_presh_1
    __rtentry.o(.ARM.Collect$$rtentry$$00000000) refers (Special) to __rtentry4.o(.ARM.Collect$$rtentry$$00000004) for __rt_entry_sh
    fnaninf.o(x$fpl$fnaninf) refers (Special) to usenofp.o(x$fpl$usenofp) for __I$use$fp
    fretinf.o(x$fpl$fretinf) refers (Special) to usenofp.o(x$fpl$usenofp) for __I$use$fp
    __rtentry2.o(.ARM.Collect$$rtentry$$00000008) refers to boardinit2.o(.text) for _platform_post_stackheap_init
    __rtentry2.o(.ARM.Collect$$rtentry$$0000000A) refers to libinit.o(.ARM.Collect$$libinit$$00000000) for __rt_lib_init
    __rtentry2.o(.ARM.Collect$$rtentry$$0000000B) refers to boardinit3.o(.text) for _platform_post_lib_init
    __rtentry2.o(.ARM.Collect$$rtentry$$0000000D) refers to test.o(.text) for main
    __rtentry2.o(.ARM.Collect$$rtentry$$0000000D) refers to exit.o(.text) for exit
    __rtentry2.o(.ARM.exidx) refers to __rtentry2.o(.ARM.Collect$$rtentry$$00000001) for .ARM.Collect$$rtentry$$00000001
    __rtentry2.o(.ARM.exidx) refers to __rtentry2.o(.ARM.Collect$$rtentry$$00000008) for .ARM.Collect$$rtentry$$00000008
    __rtentry2.o(.ARM.exidx) refers to __rtentry2.o(.ARM.Collect$$rtentry$$0000000A) for .ARM.Collect$$rtentry$$0000000A
    __rtentry2.o(.ARM.exidx) refers to __rtentry2.o(.ARM.Collect$$rtentry$$0000000B) for .ARM.Collect$$rtentry$$0000000B
    __rtentry2.o(.ARM.exidx) refers to __rtentry2.o(.ARM.Collect$$rtentry$$0000000D) for .ARM.Collect$$rtentry$$0000000D
    __rtentry4.o(.ARM.Collect$$rtentry$$00000004) refers to sys_stackheap_outer.o(.text) for __user_setup_stackheap
    __rtentry4.o(.ARM.exidx) refers to __rtentry4.o(.ARM.Collect$$rtentry$$00000004) for .ARM.Collect$$rtentry$$00000004
    sys_stackheap_outer.o(.text) refers to libspace.o(.text) for __user_perproc_libspace
    sys_stackheap_outer.o(.text) refers to stm32f10x.o(.text) for __user_initial_stackheap
    exit.o(.text) refers to rtexit.o(.ARM.Collect$$rtexit$$00000000) for __rt_exit
    libinit.o(.ARM.Collect$$libinit$$00000000) refers (Special) to libinit2.o(.ARM.Collect$$libinit$$0000002E) for __rt_lib_init_alloca_1
    libinit.o(.ARM.Collect$$libinit$$00000000) refers (Special) to libinit2.o(.ARM.Collect$$libinit$$0000002C) for __rt_lib_init_argv_1
    libinit.o(.ARM.Collect$$libinit$$00000000) refers (Special) to libinit2.o(.ARM.Collect$$libinit$$0000001B) for __rt_lib_init_atexit_1
    libinit.o(.ARM.Collect$$libinit$$00000000) refers (Special) to libinit2.o(.ARM.Collect$$libinit$$00000021) for __rt_lib_init_clock_1
    libinit.o(.ARM.Collect$$libinit$$00000000) refers (Special) to libinit2.o(.ARM.Collect$$libinit$$00000032) for __rt_lib_init_cpp_1
    libinit.o(.ARM.Collect$$libinit$$00000000) refers (Special) to libinit2.o(.ARM.Collect$$libinit$$00000030) for __rt_lib_init_exceptions_1
    libinit.o(.ARM.Collect$$libinit$$00000000) refers (Special) to libinit2.o(.ARM.Collect$$libinit$$00000002) for __rt_lib_init_fp_1
    libinit.o(.ARM.Collect$$libinit$$00000000) refers (Special) to libinit2.o(.ARM.Collect$$libinit$$0000001F) for __rt_lib_init_fp_trap_1
    libinit.o(.ARM.Collect$$libinit$$00000000) refers (Special) to libinit2.o(.ARM.Collect$$libinit$$00000023) for __rt_lib_init_getenv_1
    libinit.o(.ARM.Collect$$libinit$$00000000) refers (Special) to libinit2.o(.ARM.Collect$$libinit$$0000000A) for __rt_lib_init_heap_1
    libinit.o(.ARM.Collect$$libinit$$00000000) refers (Special) to libinit2.o(.ARM.Collect$$libinit$$00000011) for __rt_lib_init_lc_collate_1
    libinit.o(.ARM.Collect$$libinit$$00000000) refers (Special) to libinit2.o(.ARM.Collect$$libinit$$00000013) for __rt_lib_init_lc_ctype_1
    libinit.o(.ARM.Collect$$libinit$$00000000) refers (Special) to libinit2.o(.ARM.Collect$$libinit$$00000015) for __rt_lib_init_lc_monetary_1
    libinit.o(.ARM.Collect$$libinit$$00000000) refers (Special) to libinit2.o(.ARM.Collect$$libinit$$00000017) for __rt_lib_init_lc_numeric_1
    libinit.o(.ARM.Collect$$libinit$$00000000) refers (Special) to libinit2.o(.ARM.Collect$$libinit$$00000019) for __rt_lib_init_lc_time_1
    libinit.o(.ARM.Collect$$libinit$$00000000) refers (Special) to libinit2.o(.ARM.Collect$$libinit$$00000004) for __rt_lib_init_preinit_1
    libinit.o(.ARM.Collect$$libinit$$00000000) refers (Special) to libinit2.o(.ARM.Collect$$libinit$$0000000E) for __rt_lib_init_rand_1
    libinit.o(.ARM.Collect$$libinit$$00000000) refers (Special) to libinit2.o(.ARM.Collect$$libinit$$00000033) for __rt_lib_init_return
    libinit.o(.ARM.Collect$$libinit$$00000000) refers (Special) to libinit2.o(.ARM.Collect$$libinit$$0000001D) for __rt_lib_init_signal_1
    libinit.o(.ARM.Collect$$libinit$$00000000) refers (Special) to libinit2.o(.ARM.Collect$$libinit$$00000025) for __rt_lib_init_stdio_1
    libinit.o(.ARM.Collect$$libinit$$00000000) refers (Special) to libinit2.o(.ARM.Collect$$libinit$$0000000C) for __rt_lib_init_user_alloc_1
    libspace.o(.text) refers to libspace.o(.bss) for __libspace_start
    rtexit.o(.ARM.Collect$$rtexit$$00000000) refers (Special) to rtexit2.o(.ARM.Collect$$rtexit$$00000004) for __rt_exit_exit
    rtexit.o(.ARM.Collect$$rtexit$$00000000) refers (Special) to rtexit2.o(.ARM.Collect$$rtexit$$00000003) for __rt_exit_ls
    rtexit.o(.ARM.Collect$$rtexit$$00000000) refers (Special) to rtexit2.o(.ARM.Collect$$rtexit$$00000002) for __rt_exit_prels_1
    rtexit.o(.ARM.exidx) refers (Special) to rtexit2.o(.ARM.Collect$$rtexit$$00000004) for __rt_exit_exit
    rtexit.o(.ARM.exidx) refers (Special) to rtexit2.o(.ARM.Collect$$rtexit$$00000003) for __rt_exit_ls
    rtexit.o(.ARM.exidx) refers (Special) to rtexit2.o(.ARM.Collect$$rtexit$$00000002) for __rt_exit_prels_1
    rtexit.o(.ARM.exidx) refers to rtexit.o(.ARM.Collect$$rtexit$$00000000) for .ARM.Collect$$rtexit$$00000000
    libinit2.o(.ARM.Collect$$libinit$$00000010) refers to libinit2.o(.ARM.Collect$$libinit$$0000000F) for .ARM.Collect$$libinit$$0000000F
    libinit2.o(.ARM.Collect$$libinit$$00000012) refers to libinit2.o(.ARM.Collect$$libinit$$0000000F) for .ARM.Collect$$libinit$$0000000F
    libinit2.o(.ARM.Collect$$libinit$$00000014) refers to libinit2.o(.ARM.Collect$$libinit$$0000000F) for .ARM.Collect$$libinit$$0000000F
    libinit2.o(.ARM.Collect$$libinit$$00000016) refers to libinit2.o(.ARM.Collect$$libinit$$0000000F) for .ARM.Collect$$libinit$$0000000F
    libinit2.o(.ARM.Collect$$libinit$$00000018) refers to libinit2.o(.ARM.Collect$$libinit$$0000000F) for .ARM.Collect$$libinit$$0000000F
    libinit2.o(.ARM.Collect$$libinit$$00000026) refers to argv_veneer.o(.emb_text) for __ARM_argv_veneer
    libinit2.o(.ARM.Collect$$libinit$$00000027) refers to argv_veneer.o(.emb_text) for __ARM_argv_veneer
    rtexit2.o(.ARM.Collect$$rtexit$$00000003) refers to libshutdown.o(.ARM.Collect$$libshutdown$$00000000) for __rt_lib_shutdown
    rtexit2.o(.ARM.Collect$$rtexit$$00000004) refers to usart.o(.text) for _sys_exit
    rtexit2.o(.ARM.exidx) refers to rtexit2.o(.ARM.Collect$$rtexit$$00000001) for .ARM.Collect$$rtexit$$00000001
    rtexit2.o(.ARM.exidx) refers to rtexit2.o(.ARM.Collect$$rtexit$$00000003) for .ARM.Collect$$rtexit$$00000003
    rtexit2.o(.ARM.exidx) refers to rtexit2.o(.ARM.Collect$$rtexit$$00000004) for .ARM.Collect$$rtexit$$00000004
    argv_veneer.o(.emb_text) refers to no_argv.o(.text) for __ARM_get_argv
    _get_argv_nomalloc.o(.text) refers (Special) to hrguard.o(.text) for __heap_region$guard
    _get_argv_nomalloc.o(.text) refers to defsig_rtmem_outer.o(.text) for __rt_SIGRTMEM
    _get_argv_nomalloc.o(.text) refers to sys_command.o(.text) for _sys_command_string
    libshutdown.o(.ARM.Collect$$libshutdown$$00000000) refers (Special) to libshutdown2.o(.ARM.Collect$$libshutdown$$00000006) for __rt_lib_shutdown_fp_trap_1
    libshutdown.o(.ARM.Collect$$libshutdown$$00000000) refers (Special) to libshutdown2.o(.ARM.Collect$$libshutdown$$0000000E) for __rt_lib_shutdown_heap_1
    libshutdown.o(.ARM.Collect$$libshutdown$$00000000) refers (Special) to libshutdown2.o(.ARM.Collect$$libshutdown$$0000000F) for __rt_lib_shutdown_return
    libshutdown.o(.ARM.Collect$$libshutdown$$00000000) refers (Special) to libshutdown2.o(.ARM.Collect$$libshutdown$$00000009) for __rt_lib_shutdown_signal_1
    libshutdown.o(.ARM.Collect$$libshutdown$$00000000) refers (Special) to libshutdown2.o(.ARM.Collect$$libshutdown$$00000003) for __rt_lib_shutdown_stdio_1
    libshutdown.o(.ARM.Collect$$libshutdown$$00000000) refers (Special) to libshutdown2.o(.ARM.Collect$$libshutdown$$0000000B) for __rt_lib_shutdown_user_alloc_1
    sys_command.o(.text) refers (Special) to use_no_semi.o(.text) for __I$use$semihosting
    sys_command.o(.text) refers (Special) to indicate_semi.o(.text) for __semihosting_library_function
    defsig_rtmem_outer.o(.text) refers to defsig_rtmem_inner.o(.text) for __rt_SIGRTMEM_inner
    defsig_rtmem_outer.o(.text) refers to defsig_exit.o(.text) for __sig_exit
    defsig_rtmem_formal.o(.text) refers to rt_raise.o(.text) for __rt_raise
    rt_raise.o(.text) refers to __raise.o(.text) for __raise
    rt_raise.o(.text) refers to usart.o(.text) for _sys_exit
    defsig_exit.o(.text) refers to usart.o(.text) for _sys_exit
    defsig_rtmem_inner.o(.text) refers to defsig_general.o(.text) for __default_signal_display
    __raise.o(.text) refers to defsig.o(CL$$defsig) for __default_signal_handler
    defsig_general.o(.text) refers to sys_wrch.o(.text) for _ttywrch
    sys_wrch.o(.text) refers (Special) to use_no_semi.o(.text) for __I$use$semihosting
    sys_wrch.o(.text) refers (Special) to indicate_semi.o(.text) for __semihosting_library_function
    defsig.o(CL$$defsig) refers to defsig_rtmem_inner.o(.text) for __rt_SIGRTMEM_inner
    defsig_abrt_inner.o(.text) refers to defsig_general.o(.text) for __default_signal_display
    defsig_fpe_inner.o(.text) refers to defsig_general.o(.text) for __default_signal_display
    defsig_rtred_inner.o(.text) refers to defsig_general.o(.text) for __default_signal_display
    defsig_stak_inner.o(.text) refers to defsig_general.o(.text) for __default_signal_display
    defsig_pvfn_inner.o(.text) refers to defsig_general.o(.text) for __default_signal_display
    defsig_cppl_inner.o(.text) refers to defsig_general.o(.text) for __default_signal_display
    defsig_segv_inner.o(.text) refers to defsig_general.o(.text) for __default_signal_display
    defsig_other.o(.text) refers to defsig_general.o(.text) for __default_signal_display


==============================================================================

Removing Unused input sections from the image.

    Removing usart.o(.data), (4 bytes).
    Removing keyboard.o(.text), (536 bytes).

2 unused section(s) (total 540 bytes) removed from the image.

==============================================================================

Image Symbol Table

    Local Symbols

    Symbol Name                              Value     Ov Type        Size  Object(Section)

    ../clib/angel/boardlib.s                 0x00000000   Number         0  boardshut.o ABSOLUTE
    ../clib/angel/boardlib.s                 0x00000000   Number         0  boardinit3.o ABSOLUTE
    ../clib/angel/boardlib.s                 0x00000000   Number         0  boardinit2.o ABSOLUTE
    ../clib/angel/boardlib.s                 0x00000000   Number         0  boardinit1.o ABSOLUTE
    ../clib/angel/dczerorl2.s                0x00000000   Number         0  __dczerorl2.o ABSOLUTE
    ../clib/angel/handlers.s                 0x00000000   Number         0  __scatter_zi.o ABSOLUTE
    ../clib/angel/kernel.s                   0x00000000   Number         0  rtexit.o ABSOLUTE
    ../clib/angel/kernel.s                   0x00000000   Number         0  __rtentry.o ABSOLUTE
    ../clib/angel/kernel.s                   0x00000000   Number         0  rtexit2.o ABSOLUTE
    ../clib/angel/kernel.s                   0x00000000   Number         0  __rtentry2.o ABSOLUTE
    ../clib/angel/kernel.s                   0x00000000   Number         0  __rtentry4.o ABSOLUTE
    ../clib/angel/rt.s                       0x00000000   Number         0  rt_raise.o ABSOLUTE
    ../clib/angel/scatter.s                  0x00000000   Number         0  __scatter.o ABSOLUTE
    ../clib/angel/startup.s                  0x00000000   Number         0  __main.o ABSOLUTE
    ../clib/angel/sys.s                      0x00000000   Number         0  use_no_semi.o ABSOLUTE
    ../clib/angel/sys.s                      0x00000000   Number         0  use_no_semi_2.o ABSOLUTE
    ../clib/angel/sys.s                      0x00000000   Number         0  libspace.o ABSOLUTE
    ../clib/angel/sys.s                      0x00000000   Number         0  sys_stackheap_outer.o ABSOLUTE
    ../clib/angel/sys.s                      0x00000000   Number         0  indicate_semi.o ABSOLUTE
    ../clib/angel/sysapp.c                   0x00000000   Number         0  sys_wrch.o ABSOLUTE
    ../clib/angel/sysapp.c                   0x00000000   Number         0  sys_command.o ABSOLUTE
    ../clib/armsys.c                         0x00000000   Number         0  argv_veneer.o ABSOLUTE
    ../clib/armsys.c                         0x00000000   Number         0  argv_veneer.o ABSOLUTE
    ../clib/armsys.c                         0x00000000   Number         0  _get_argv_nomalloc.o ABSOLUTE
    ../clib/armsys.c                         0x00000000   Number         0  no_argv.o ABSOLUTE
    ../clib/heapalloc.c                      0x00000000   Number         0  hrguard.o ABSOLUTE
    ../clib/heapaux.c                        0x00000000   Number         0  heapauxi.o ABSOLUTE
    ../clib/libinit.s                        0x00000000   Number         0  libinit2.o ABSOLUTE
    ../clib/libinit.s                        0x00000000   Number         0  libshutdown2.o ABSOLUTE
    ../clib/libinit.s                        0x00000000   Number         0  libinit.o ABSOLUTE
    ../clib/libinit.s                        0x00000000   Number         0  libshutdown.o ABSOLUTE
    ../clib/signal.c                         0x00000000   Number         0  defsig_segv_inner.o ABSOLUTE
    ../clib/signal.c                         0x00000000   Number         0  defsig_rtmem_formal.o ABSOLUTE
    ../clib/signal.c                         0x00000000   Number         0  defsig_exit.o ABSOLUTE
    ../clib/signal.c                         0x00000000   Number         0  defsig_rtmem_inner.o ABSOLUTE
    ../clib/signal.c                         0x00000000   Number         0  __raise.o ABSOLUTE
    ../clib/signal.c                         0x00000000   Number         0  defsig_general.o ABSOLUTE
    ../clib/signal.c                         0x00000000   Number         0  defsig_abrt_inner.o ABSOLUTE
    ../clib/signal.c                         0x00000000   Number         0  defsig_rtred_inner.o ABSOLUTE
    ../clib/signal.c                         0x00000000   Number         0  defsig_rtmem_outer.o ABSOLUTE
    ../clib/signal.c                         0x00000000   Number         0  defsig_fpe_inner.o ABSOLUTE
    ../clib/signal.c                         0x00000000   Number         0  defsig_stak_inner.o ABSOLUTE
    ../clib/signal.c                         0x00000000   Number         0  defsig_other.o ABSOLUTE
    ../clib/signal.c                         0x00000000   Number         0  defsig_pvfn_inner.o ABSOLUTE
    ../clib/signal.c                         0x00000000   Number         0  defsig_cppl_inner.o ABSOLUTE
    ../clib/signal.s                         0x00000000   Number         0  defsig.o ABSOLUTE
    ../clib/stdlib.c                         0x00000000   Number         0  exit.o ABSOLUTE
    ../fplib/faddsub.s                       0x00000000   Number         0  faddsub_clz.o ABSOLUTE
    ../fplib/fdiv.s                          0x00000000   Number         0  fdiv.o ABSOLUTE
    ../fplib/ffixu.s                         0x00000000   Number         0  ffixu.o ABSOLUTE
    ../fplib/fflt.s                          0x00000000   Number         0  fflt_clz.o ABSOLUTE
    ../fplib/fmul.s                          0x00000000   Number         0  fmul.o ABSOLUTE
    ../fplib/fnaninf.s                       0x00000000   Number         0  fnaninf.o ABSOLUTE
    ../fplib/fpinit.s                        0x00000000   Number         0  fpinit.o ABSOLUTE
    ../fplib/fretinf.s                       0x00000000   Number         0  fretinf.o ABSOLUTE
    ../fplib/usenofp.s                       0x00000000   Number         0  usenofp.o ABSOLUTE
    ..\KEYBOARD\keyscanner.c                 0x00000000   Number         0  keyscanner.o ABSOLUTE
    ..\KEYBOARD\usb_keyboard.c               0x00000000   Number         0  usb_keyboard.o ABSOLUTE
    ..\PS2\keyboard.c                        0x00000000   Number         0  keyboard.o ABSOLUTE
    ..\PS2\mouse.c                           0x00000000   Number         0  mouse.o ABSOLUTE
    ..\PS2\ps2.c                             0x00000000   Number         0  ps2.o ABSOLUTE
    ..\SYSTEM\delay\delay.c                  0x00000000   Number         0  delay.o ABSOLUTE
    ..\SYSTEM\sys\sys.c                      0x00000000   Number         0  sys.o ABSOLUTE
    ..\SYSTEM\usart\usart.c                  0x00000000   Number         0  usart.o ABSOLUTE
    ..\USB\CONFIG\hw_config.c                0x00000000   Number         0  hw_config.o ABSOLUTE
    ..\USB\CONFIG\stm32f10x_it.c             0x00000000   Number         0  stm32f10x_it.o ABSOLUTE
    ..\USB\CONFIG\usb_desc.c                 0x00000000   Number         0  usb_desc.o ABSOLUTE
    ..\USB\CONFIG\usb_istr.c                 0x00000000   Number         0  usb_istr.o ABSOLUTE
    ..\USB\CONFIG\usb_prop.c                 0x00000000   Number         0  usb_prop.o ABSOLUTE
    ..\USB\CONFIG\usb_pwr.c                  0x00000000   Number         0  usb_pwr.o ABSOLUTE
    ..\USB\LIB\usb_core.c                    0x00000000   Number         0  usb_core.o ABSOLUTE
    ..\USB\LIB\usb_init.c                    0x00000000   Number         0  usb_init.o ABSOLUTE
    ..\USB\LIB\usb_int.c                     0x00000000   Number         0  usb_int.o ABSOLUTE
    ..\USB\LIB\usb_mem.c                     0x00000000   Number         0  usb_mem.o ABSOLUTE
    ..\USB\LIB\usb_regs.c                    0x00000000   Number         0  usb_regs.o ABSOLUTE
    ..\\SYSTEM\\sys\\sys.c                   0x00000000   Number         0  sys.o ABSOLUTE
    STM32F10x.s                              0x00000000   Number         0  stm32f10x.o ABSOLUTE
    dc.s                                     0x00000000   Number         0  dc.o ABSOLUTE
    test.c                                   0x00000000   Number         0  test.o ABSOLUTE
    RESET                                    0x08000000   Section      236  stm32f10x.o(RESET)
    !!!main                                  0x080000ec   Section        8  __main.o(!!!main)
    !!!scatter                               0x080000f4   Section       52  __scatter.o(!!!scatter)
    !!dczerorl2                              0x08000128   Section       90  __dczerorl2.o(!!dczerorl2)
    !!handler_zi                             0x08000184   Section       28  __scatter_zi.o(!!handler_zi)
    .ARM.Collect$$libinit$$00000000          0x080001a0   Section        2  libinit.o(.ARM.Collect$$libinit$$00000000)
    .ARM.Collect$$libinit$$00000002          0x080001a2   Section        0  libinit2.o(.ARM.Collect$$libinit$$00000002)
    .ARM.Collect$$libinit$$00000004          0x080001a2   Section        0  libinit2.o(.ARM.Collect$$libinit$$00000004)
    .ARM.Collect$$libinit$$0000000A          0x080001a2   Section        0  libinit2.o(.ARM.Collect$$libinit$$0000000A)
    .ARM.Collect$$libinit$$0000000C          0x080001a2   Section        0  libinit2.o(.ARM.Collect$$libinit$$0000000C)
    .ARM.Collect$$libinit$$0000000E          0x080001a2   Section        0  libinit2.o(.ARM.Collect$$libinit$$0000000E)
    .ARM.Collect$$libinit$$00000011          0x080001a2   Section        0  libinit2.o(.ARM.Collect$$libinit$$00000011)
    .ARM.Collect$$libinit$$00000013          0x080001a2   Section        0  libinit2.o(.ARM.Collect$$libinit$$00000013)
    .ARM.Collect$$libinit$$00000015          0x080001a2   Section        0  libinit2.o(.ARM.Collect$$libinit$$00000015)
    .ARM.Collect$$libinit$$00000017          0x080001a2   Section        0  libinit2.o(.ARM.Collect$$libinit$$00000017)
    .ARM.Collect$$libinit$$00000019          0x080001a2   Section        0  libinit2.o(.ARM.Collect$$libinit$$00000019)
    .ARM.Collect$$libinit$$0000001B          0x080001a2   Section        0  libinit2.o(.ARM.Collect$$libinit$$0000001B)
    .ARM.Collect$$libinit$$0000001D          0x080001a2   Section        0  libinit2.o(.ARM.Collect$$libinit$$0000001D)
    .ARM.Collect$$libinit$$0000001F          0x080001a2   Section        0  libinit2.o(.ARM.Collect$$libinit$$0000001F)
    .ARM.Collect$$libinit$$00000021          0x080001a2   Section        0  libinit2.o(.ARM.Collect$$libinit$$00000021)
    .ARM.Collect$$libinit$$00000023          0x080001a2   Section        0  libinit2.o(.ARM.Collect$$libinit$$00000023)
    .ARM.Collect$$libinit$$00000025          0x080001a2   Section        0  libinit2.o(.ARM.Collect$$libinit$$00000025)
    .ARM.Collect$$libinit$$0000002C          0x080001a2   Section        0  libinit2.o(.ARM.Collect$$libinit$$0000002C)
    .ARM.Collect$$libinit$$0000002E          0x080001a2   Section        0  libinit2.o(.ARM.Collect$$libinit$$0000002E)
    .ARM.Collect$$libinit$$00000030          0x080001a2   Section        0  libinit2.o(.ARM.Collect$$libinit$$00000030)
    .ARM.Collect$$libinit$$00000032          0x080001a2   Section        0  libinit2.o(.ARM.Collect$$libinit$$00000032)
    .ARM.Collect$$libinit$$00000033          0x080001a2   Section        2  libinit2.o(.ARM.Collect$$libinit$$00000033)
    .ARM.Collect$$libshutdown$$00000000      0x080001a4   Section        2  libshutdown.o(.ARM.Collect$$libshutdown$$00000000)
    .ARM.Collect$$libshutdown$$00000003      0x080001a6   Section        0  libshutdown2.o(.ARM.Collect$$libshutdown$$00000003)
    .ARM.Collect$$libshutdown$$00000006      0x080001a6   Section        0  libshutdown2.o(.ARM.Collect$$libshutdown$$00000006)
    .ARM.Collect$$libshutdown$$00000009      0x080001a6   Section        0  libshutdown2.o(.ARM.Collect$$libshutdown$$00000009)
    .ARM.Collect$$libshutdown$$0000000B      0x080001a6   Section        0  libshutdown2.o(.ARM.Collect$$libshutdown$$0000000B)
    .ARM.Collect$$libshutdown$$0000000E      0x080001a6   Section        0  libshutdown2.o(.ARM.Collect$$libshutdown$$0000000E)
    .ARM.Collect$$libshutdown$$0000000F      0x080001a6   Section        2  libshutdown2.o(.ARM.Collect$$libshutdown$$0000000F)
    .ARM.Collect$$rtentry$$00000000          0x080001a8   Section        0  __rtentry.o(.ARM.Collect$$rtentry$$00000000)
    .ARM.Collect$$rtentry$$00000002          0x080001a8   Section        0  __rtentry2.o(.ARM.Collect$$rtentry$$00000002)
    .ARM.Collect$$rtentry$$00000004          0x080001a8   Section        6  __rtentry4.o(.ARM.Collect$$rtentry$$00000004)
    .ARM.Collect$$rtentry$$00000009          0x080001ae   Section        0  __rtentry2.o(.ARM.Collect$$rtentry$$00000009)
    .ARM.Collect$$rtentry$$0000000A          0x080001ae   Section        4  __rtentry2.o(.ARM.Collect$$rtentry$$0000000A)
    .ARM.Collect$$rtentry$$0000000C          0x080001b2   Section        0  __rtentry2.o(.ARM.Collect$$rtentry$$0000000C)
    .ARM.Collect$$rtentry$$0000000D          0x080001b2   Section        8  __rtentry2.o(.ARM.Collect$$rtentry$$0000000D)
    .ARM.Collect$$rtexit$$00000000           0x080001ba   Section        2  rtexit.o(.ARM.Collect$$rtexit$$00000000)
    .ARM.Collect$$rtexit$$00000002           0x080001bc   Section        0  rtexit2.o(.ARM.Collect$$rtexit$$00000002)
    .ARM.Collect$$rtexit$$00000003           0x080001bc   Section        4  rtexit2.o(.ARM.Collect$$rtexit$$00000003)
    .ARM.Collect$$rtexit$$00000004           0x080001c0   Section        6  rtexit2.o(.ARM.Collect$$rtexit$$00000004)
    .emb_text                                0x080001c8   Section        2  sys.o(.emb_text)
    .text                                    0x080001cc   Section       52  stm32f10x.o(.text)
    .text                                    0x08000200   Section        0  test.o(.text)
    .text                                    0x08000334   Section        0  delay.o(.text)
    .text                                    0x080003e4   Section        0  sys.o(.text)
    .text                                    0x080006c0   Section        0  usart.o(.text)
    .text                                    0x080007a4   Section        0  usb_core.o(.text)
    DataStageOut                             0x08000bb7   Thumb Code   166  usb_core.o(.text)
    DataStageIn                              0x08000c5d   Thumb Code   166  usb_core.o(.text)
    NoData_Setup0                            0x08000d03   Thumb Code   302  usb_core.o(.text)
    Data_Setup0                              0x08000e31   Thumb Code   676  usb_core.o(.text)
    .text                                    0x080012c4   Section        0  usb_init.o(.text)
    .text                                    0x08001300   Section        0  usb_int.o(.text)
    .text                                    0x080016d4   Section        0  usb_mem.o(.text)
    .text                                    0x08001730   Section        0  usb_regs.o(.text)
    .text                                    0x08001ee8   Section        0  hw_config.o(.text)
    .text                                    0x0800208c   Section        0  stm32f10x_it.o(.text)
    .text                                    0x08002128   Section        0  usb_istr.o(.text)
    .text                                    0x08002240   Section        0  usb_prop.o(.text)
    .text                                    0x080024dc   Section        0  usb_pwr.o(.text)
    .text                                    0x08002614   Section        0  keyscanner.o(.text)
    .text                                    0x080027f8   Section        0  usb_keyboard.o(.text)
    .text                                    0x080028b4   Section        0  mouse.o(.text)
    .text                                    0x08002aa8   Section        0  ps2.o(.text)
    .text                                    0x08003058   Section        2  use_no_semi_2.o(.text)
    .text                                    0x0800305a   Section        0  heapauxi.o(.text)
    .text                                    0x08003060   Section        2  use_no_semi.o(.text)
    .text                                    0x08003062   Section       74  sys_stackheap_outer.o(.text)
    .text                                    0x080030ac   Section        0  exit.o(.text)
    .text                                    0x080030b8   Section        8  libspace.o(.text)
    x$fpl$fadd                               0x080030c0   Section      196  faddsub_clz.o(x$fpl$fadd)
    _fadd1                                   0x080030cf   Thumb Code     0  faddsub_clz.o(x$fpl$fadd)
    x$fpl$fdiv                               0x08003184   Section      388  fdiv.o(x$fpl$fdiv)
    _fdiv1                                   0x08003185   Thumb Code     0  fdiv.o(x$fpl$fdiv)
    x$fpl$ffixu                              0x08003308   Section       62  ffixu.o(x$fpl$ffixu)
    x$fpl$ffltu                              0x08003348   Section       38  fflt_clz.o(x$fpl$ffltu)
    x$fpl$fmul                               0x08003370   Section      258  fmul.o(x$fpl$fmul)
    x$fpl$fnaninf                            0x08003472   Section      140  fnaninf.o(x$fpl$fnaninf)
    x$fpl$fretinf                            0x080034fe   Section       10  fretinf.o(x$fpl$fretinf)
    x$fpl$frsb                               0x08003508   Section       20  faddsub_clz.o(x$fpl$frsb)
    x$fpl$fsub                               0x0800351c   Section      234  faddsub_clz.o(x$fpl$fsub)
    _fsub1                                   0x0800352b   Thumb Code     0  faddsub_clz.o(x$fpl$fsub)
    .constdata                               0x08003606   Section      273  usb_desc.o(.constdata)
    x$fpl$usenofp                            0x08003606   Section        0  usenofp.o(x$fpl$usenofp)
    .data                                    0x20000000   Section       14  test.o(.data)
    .data                                    0x2000000e   Section        4  delay.o(.data)
    fac_us                                   0x2000000e   Data           1  delay.o(.data)
    fac_ms                                   0x20000010   Data           2  delay.o(.data)
    .data                                    0x20000012   Section        3  usb_core.o(.data)
    .data                                    0x20000018   Section       20  usb_init.o(.data)
    .data                                    0x2000002c   Section        4  usb_int.o(.data)
    .data                                    0x20000030   Section       26  usb_desc.o(.data)
    .data                                    0x2000004c   Section       62  usb_istr.o(.data)
    .data                                    0x2000008c   Section      173  usb_prop.o(.data)
    .data                                    0x2000013c   Section        7  usb_pwr.o(.data)
    .data                                    0x20000144   Section     1280  keyscanner.o(.data)
    .data                                    0x20000644   Section        4  keyboard.o(.data)
    .data                                    0x20000648   Section       10  mouse.o(.data)
    .data                                    0x20000652   Section        4  ps2.o(.data)
    tempdata                                 0x20000654   Data           1  ps2.o(.data)
    parity                                   0x20000655   Data           1  ps2.o(.data)
    .bss                                     0x20000658   Section       28  usb_init.o(.bss)
    .bss                                     0x20000674   Section       16  ps2.o(.bss)
    .bss                                     0x20000684   Section       96  libspace.o(.bss)
    HEAP                                     0x200006e8   Section        0  stm32f10x.o(HEAP)
    STACK                                    0x200006e8   Section      512  stm32f10x.o(STACK)
    Heap_Mem                                 0x200006e8   Data           0  stm32f10x.o(HEAP)
    Stack_Mem                                0x200006e8   Data         512  stm32f10x.o(STACK)
    __initial_sp                             0x200008e8   Data           0  stm32f10x.o(STACK)

    Global Symbols

    Symbol Name                              Value     Ov Type        Size  Object(Section)

    BuildAttributes$$THM_ISAv4$P$D$K$B$S$PE$A:L22UL41UL21$X:L11$S22US41US21$IEEE1$IW$USESV6$~STKCKD$USESV7$~SHL$OSPACE$ROPI$EBA8$UX$STANDARDLIB$REQ8$PRES8$EABIv2 0x00000000   Number         0  anon$$obj.o ABSOLUTE
    __ARM_use_no_argv                        0x00000000   Number         0  test.o ABSOLUTE
    __ARM_exceptions_init                     - Undefined Weak Reference
    __alloca_initialize                       - Undefined Weak Reference
    __arm_preinit_                            - Undefined Weak Reference
    __cpp_initialize__aeabi_                  - Undefined Weak Reference
    __cxa_finalize                            - Undefined Weak Reference
    __rt_locale                               - Undefined Weak Reference
    __sigvec_lookup                           - Undefined Weak Reference
    _atexit_init                              - Undefined Weak Reference
    _call_atexit_fns                          - Undefined Weak Reference
    _clock_init                               - Undefined Weak Reference
    _fp_trap_init                             - Undefined Weak Reference
    _fp_trap_shutdown                         - Undefined Weak Reference
    _get_lc_collate                           - Undefined Weak Reference
    _get_lc_ctype                             - Undefined Weak Reference
    _get_lc_monetary                          - Undefined Weak Reference
    _get_lc_numeric                           - Undefined Weak Reference
    _get_lc_time                              - Undefined Weak Reference
    _getenv_init                              - Undefined Weak Reference
    _handle_redirection                       - Undefined Weak Reference
    _init_alloc                               - Undefined Weak Reference
    _init_user_alloc                          - Undefined Weak Reference
    _initio                                   - Undefined Weak Reference
    _rand_init                                - Undefined Weak Reference
    _signal_finish                            - Undefined Weak Reference
    _signal_init                              - Undefined Weak Reference
    _terminate_alloc                          - Undefined Weak Reference
    _terminate_user_alloc                     - Undefined Weak Reference
    _terminateio                              - Undefined Weak Reference
    __Vectors                                0x08000000   Data           4  stm32f10x.o(RESET)
    __main                                   0x080000ed   Thumb Code     8  __main.o(!!!main)
    __scatterload                            0x080000f5   Thumb Code     0  __scatter.o(!!!scatter)
    __scatterload_rt2                        0x080000f5   Thumb Code    44  __scatter.o(!!!scatter)
    __scatterload_rt2_thumb_only             0x080000f5   Thumb Code     0  __scatter.o(!!!scatter)
    __scatterload_null                       0x08000103   Thumb Code     0  __scatter.o(!!!scatter)
    __decompress                             0x08000129   Thumb Code    90  __dczerorl2.o(!!dczerorl2)
    __decompress1                            0x08000129   Thumb Code     0  __dczerorl2.o(!!dczerorl2)
    __scatterload_zeroinit                   0x08000185   Thumb Code    28  __scatter_zi.o(!!handler_zi)
    __rt_lib_init                            0x080001a1   Thumb Code     0  libinit.o(.ARM.Collect$$libinit$$00000000)
    __rt_lib_init_alloca_1                   0x080001a3   Thumb Code     0  libinit2.o(.ARM.Collect$$libinit$$0000002E)
    __rt_lib_init_argv_1                     0x080001a3   Thumb Code     0  libinit2.o(.ARM.Collect$$libinit$$0000002C)
    __rt_lib_init_atexit_1                   0x080001a3   Thumb Code     0  libinit2.o(.ARM.Collect$$libinit$$0000001B)
    __rt_lib_init_clock_1                    0x080001a3   Thumb Code     0  libinit2.o(.ARM.Collect$$libinit$$00000021)
    __rt_lib_init_cpp_1                      0x080001a3   Thumb Code     0  libinit2.o(.ARM.Collect$$libinit$$00000032)
    __rt_lib_init_exceptions_1               0x080001a3   Thumb Code     0  libinit2.o(.ARM.Collect$$libinit$$00000030)
    __rt_lib_init_fp_1                       0x080001a3   Thumb Code     0  libinit2.o(.ARM.Collect$$libinit$$00000002)
    __rt_lib_init_fp_trap_1                  0x080001a3   Thumb Code     0  libinit2.o(.ARM.Collect$$libinit$$0000001F)
    __rt_lib_init_getenv_1                   0x080001a3   Thumb Code     0  libinit2.o(.ARM.Collect$$libinit$$00000023)
    __rt_lib_init_heap_1                     0x080001a3   Thumb Code     0  libinit2.o(.ARM.Collect$$libinit$$0000000A)
    __rt_lib_init_lc_collate_1               0x080001a3   Thumb Code     0  libinit2.o(.ARM.Collect$$libinit$$00000011)
    __rt_lib_init_lc_ctype_1                 0x080001a3   Thumb Code     0  libinit2.o(.ARM.Collect$$libinit$$00000013)
    __rt_lib_init_lc_monetary_1              0x080001a3   Thumb Code     0  libinit2.o(.ARM.Collect$$libinit$$00000015)
    __rt_lib_init_lc_numeric_1               0x080001a3   Thumb Code     0  libinit2.o(.ARM.Collect$$libinit$$00000017)
    __rt_lib_init_lc_time_1                  0x080001a3   Thumb Code     0  libinit2.o(.ARM.Collect$$libinit$$00000019)
    __rt_lib_init_preinit_1                  0x080001a3   Thumb Code     0  libinit2.o(.ARM.Collect$$libinit$$00000004)
    __rt_lib_init_rand_1                     0x080001a3   Thumb Code     0  libinit2.o(.ARM.Collect$$libinit$$0000000E)
    __rt_lib_init_return                     0x080001a3   Thumb Code     0  libinit2.o(.ARM.Collect$$libinit$$00000033)
    __rt_lib_init_signal_1                   0x080001a3   Thumb Code     0  libinit2.o(.ARM.Collect$$libinit$$0000001D)
    __rt_lib_init_stdio_1                    0x080001a3   Thumb Code     0  libinit2.o(.ARM.Collect$$libinit$$00000025)
    __rt_lib_init_user_alloc_1               0x080001a3   Thumb Code     0  libinit2.o(.ARM.Collect$$libinit$$0000000C)
    __rt_lib_shutdown                        0x080001a5   Thumb Code     0  libshutdown.o(.ARM.Collect$$libshutdown$$00000000)
    __rt_lib_shutdown_fp_trap_1              0x080001a7   Thumb Code     0  libshutdown2.o(.ARM.Collect$$libshutdown$$00000006)
    __rt_lib_shutdown_heap_1                 0x080001a7   Thumb Code     0  libshutdown2.o(.ARM.Collect$$libshutdown$$0000000E)
    __rt_lib_shutdown_return                 0x080001a7   Thumb Code     0  libshutdown2.o(.ARM.Collect$$libshutdown$$0000000F)
    __rt_lib_shutdown_signal_1               0x080001a7   Thumb Code     0  libshutdown2.o(.ARM.Collect$$libshutdown$$00000009)
    __rt_lib_shutdown_stdio_1                0x080001a7   Thumb Code     0  libshutdown2.o(.ARM.Collect$$libshutdown$$00000003)
    __rt_lib_shutdown_user_alloc_1           0x080001a7   Thumb Code     0  libshutdown2.o(.ARM.Collect$$libshutdown$$0000000B)
    __rt_entry                               0x080001a9   Thumb Code     0  __rtentry.o(.ARM.Collect$$rtentry$$00000000)
    __rt_entry_presh_1                       0x080001a9   Thumb Code     0  __rtentry2.o(.ARM.Collect$$rtentry$$00000002)
    __rt_entry_sh                            0x080001a9   Thumb Code     0  __rtentry4.o(.ARM.Collect$$rtentry$$00000004)
    __rt_entry_li                            0x080001af   Thumb Code     0  __rtentry2.o(.ARM.Collect$$rtentry$$0000000A)
    __rt_entry_postsh_1                      0x080001af   Thumb Code     0  __rtentry2.o(.ARM.Collect$$rtentry$$00000009)
    __rt_entry_main                          0x080001b3   Thumb Code     0  __rtentry2.o(.ARM.Collect$$rtentry$$0000000D)
    __rt_entry_postli_1                      0x080001b3   Thumb Code     0  __rtentry2.o(.ARM.Collect$$rtentry$$0000000C)
    __rt_exit                                0x080001bb   Thumb Code     0  rtexit.o(.ARM.Collect$$rtexit$$00000000)
    __rt_exit_ls                             0x080001bd   Thumb Code     0  rtexit2.o(.ARM.Collect$$rtexit$$00000003)
    __rt_exit_prels_1                        0x080001bd   Thumb Code     0  rtexit2.o(.ARM.Collect$$rtexit$$00000002)
    __rt_exit_exit                           0x080001c1   Thumb Code     0  rtexit2.o(.ARM.Collect$$rtexit$$00000004)
    WFI_SET                                  0x080001c9   Thumb Code     2  sys.o(.emb_text)
    Reset_Handler                            0x080001cd   Thumb Code     4  stm32f10x.o(.text)
    NMI_Handler                              0x080001d1   Thumb Code     2  stm32f10x.o(.text)
    HardFault_Handler                        0x080001d3   Thumb Code     2  stm32f10x.o(.text)
    MemManage_Handler                        0x080001d5   Thumb Code     2  stm32f10x.o(.text)
    BusFault_Handler                         0x080001d7   Thumb Code     2  stm32f10x.o(.text)
    UsageFault_Handler                       0x080001d9   Thumb Code     2  stm32f10x.o(.text)
    SVC_Handler                              0x080001db   Thumb Code     2  stm32f10x.o(.text)
    DebugMon_Handler                         0x080001dd   Thumb Code     2  stm32f10x.o(.text)
    PendSV_Handler                           0x080001df   Thumb Code     2  stm32f10x.o(.text)
    SysTick_Handler                          0x080001e1   Thumb Code     2  stm32f10x.o(.text)
    ADC_IRQHandler                           0x080001e3   Thumb Code     0  stm32f10x.o(.text)
    DMAChannel1_IRQHandler                   0x080001e3   Thumb Code     0  stm32f10x.o(.text)
    DMAChannel2_IRQHandler                   0x080001e3   Thumb Code     0  stm32f10x.o(.text)
    DMAChannel3_IRQHandler                   0x080001e3   Thumb Code     0  stm32f10x.o(.text)
    DMAChannel4_IRQHandler                   0x080001e3   Thumb Code     0  stm32f10x.o(.text)
    DMAChannel5_IRQHandler                   0x080001e3   Thumb Code     0  stm32f10x.o(.text)
    DMAChannel6_IRQHandler                   0x080001e3   Thumb Code     0  stm32f10x.o(.text)
    DMAChannel7_IRQHandler                   0x080001e3   Thumb Code     0  stm32f10x.o(.text)
    EXTI0_IRQHandler                         0x080001e3   Thumb Code     0  stm32f10x.o(.text)
    EXTI1_IRQHandler                         0x080001e3   Thumb Code     0  stm32f10x.o(.text)
    RTC_IRQHandler                           0x080001e3   Thumb Code     0  stm32f10x.o(.text)
    TIM3_IRQHandler                          0x080001e3   Thumb Code     0  stm32f10x.o(.text)
    WWDG_IRQHandler                          0x080001e3   Thumb Code     0  stm32f10x.o(.text)
    __user_initial_stackheap                 0x080001e5   Thumb Code     0  stm32f10x.o(.text)
    main                                     0x08000201   Thumb Code   262  test.o(.text)
    delay_init                               0x08000335   Thumb Code    56  delay.o(.text)
    delay_ms                                 0x0800036d   Thumb Code    56  delay.o(.text)
    delay_us                                 0x080003a5   Thumb Code    56  delay.o(.text)
    MY_NVIC_SetVectorTable                   0x080003e5   Thumb Code    12  sys.o(.text)
    MY_NVIC_PriorityGroupConfig              0x080003f1   Thumb Code    36  sys.o(.text)
    MY_NVIC_Init                             0x08000415   Thumb Code   144  sys.o(.text)
    Ex_NVIC_Config                           0x080004a5   Thumb Code   146  sys.o(.text)
    MYRCC_DeInit                             0x08000537   Thumb Code    90  sys.o(.text)
    Sys_Standby                              0x08000591   Thumb Code    68  sys.o(.text)
    Sys_Soft_Reset                           0x080005d5   Thumb Code    12  sys.o(.text)
    JTAG_Set                                 0x080005e1   Thumb Code    42  sys.o(.text)
    Stm32_Clock_Init                         0x0800060b   Thumb Code   134  sys.o(.text)
    _sys_exit                                0x080006c1   Thumb Code     6  usart.o(.text)
    fputc                                    0x080006c7   Thumb Code    24  usart.o(.text)
    uart_init                                0x080006df   Thumb Code   182  usart.o(.text)
    Standard_GetConfiguration                0x080007a5   Thumb Code    34  usb_core.o(.text)
    Standard_SetConfiguration                0x080007c7   Thumb Code    60  usb_core.o(.text)
    Standard_GetInterface                    0x08000803   Thumb Code    34  usb_core.o(.text)
    Standard_SetInterface                    0x08000825   Thumb Code    96  usb_core.o(.text)
    Standard_GetStatus                       0x08000885   Thumb Code   224  usb_core.o(.text)
    Standard_ClearFeature                    0x08000965   Thumb Code   326  usb_core.o(.text)
    Standard_SetEndPointFeature              0x08000aab   Thumb Code   176  usb_core.o(.text)
    Standard_SetDeviceFeature                0x08000b5b   Thumb Code    30  usb_core.o(.text)
    Standard_GetDescriptorData               0x08000b79   Thumb Code    62  usb_core.o(.text)
    Post0_Process                            0x080010d5   Thumb Code    54  usb_core.o(.text)
    Setup0_Process                           0x0800110b   Thumb Code   162  usb_core.o(.text)
    SetDeviceAddress                         0x080011ad   Thumb Code    64  usb_core.o(.text)
    In0_Process                              0x080011ed   Thumb Code    98  usb_core.o(.text)
    Out0_Process                             0x0800124f   Thumb Code    70  usb_core.o(.text)
    NOP_Process                              0x08001295   Thumb Code     2  usb_core.o(.text)
    USB_Init                                 0x080012c5   Thumb Code    36  usb_init.o(.text)
    CTR_LP                                   0x08001301   Thumb Code   774  usb_int.o(.text)
    CTR_HP                                   0x08001607   Thumb Code   174  usb_int.o(.text)
    UserToPMABufferCopy                      0x080016d5   Thumb Code    52  usb_mem.o(.text)
    PMAToUserBufferCopy                      0x08001709   Thumb Code    34  usb_mem.o(.text)
    SetCNTR                                  0x08001731   Thumb Code     6  usb_regs.o(.text)
    GetCNTR                                  0x08001737   Thumb Code     8  usb_regs.o(.text)
    SetISTR                                  0x0800173f   Thumb Code     8  usb_regs.o(.text)
    GetISTR                                  0x08001747   Thumb Code    10  usb_regs.o(.text)
    GetFNR                                   0x08001751   Thumb Code    10  usb_regs.o(.text)
    SetDADDR                                 0x0800175b   Thumb Code     8  usb_regs.o(.text)
    GetDADDR                                 0x08001763   Thumb Code    10  usb_regs.o(.text)
    SetBTABLE                                0x0800176d   Thumb Code    14  usb_regs.o(.text)
    GetBTABLE                                0x0800177b   Thumb Code    10  usb_regs.o(.text)
    SetENDPOINT                              0x08001785   Thumb Code    12  usb_regs.o(.text)
    GetENDPOINT                              0x08001791   Thumb Code    16  usb_regs.o(.text)
    SetEPType                                0x080017a1   Thumb Code    32  usb_regs.o(.text)
    GetEPType                                0x080017c1   Thumb Code    18  usb_regs.o(.text)
    SetEPTxStatus                            0x080017d3   Thumb Code    52  usb_regs.o(.text)
    SetEPRxStatus                            0x08001807   Thumb Code    52  usb_regs.o(.text)
    SetDouBleBuffEPStall                     0x0800183b   Thumb Code    54  usb_regs.o(.text)
    GetEPTxStatus                            0x08001871   Thumb Code    18  usb_regs.o(.text)
    GetEPRxStatus                            0x08001883   Thumb Code    18  usb_regs.o(.text)
    SetEPTxValid                             0x08001895   Thumb Code    38  usb_regs.o(.text)
    SetEPRxValid                             0x080018bb   Thumb Code    38  usb_regs.o(.text)
    SetEP_KIND                               0x080018e1   Thumb Code    32  usb_regs.o(.text)
    ClearEP_KIND                             0x08001901   Thumb Code    28  usb_regs.o(.text)
    Clear_Status_Out                         0x0800191d   Thumb Code    28  usb_regs.o(.text)
    Set_Status_Out                           0x08001939   Thumb Code    32  usb_regs.o(.text)
    SetEPDoubleBuff                          0x08001959   Thumb Code    32  usb_regs.o(.text)
    ClearEPDoubleBuff                        0x08001979   Thumb Code    28  usb_regs.o(.text)
    GetTxStallStatus                         0x08001995   Thumb Code    28  usb_regs.o(.text)
    GetRxStallStatus                         0x080019b1   Thumb Code    30  usb_regs.o(.text)
    ClearEP_CTR_RX                           0x080019cf   Thumb Code    32  usb_regs.o(.text)
    ClearEP_CTR_TX                           0x080019ef   Thumb Code    28  usb_regs.o(.text)
    ToggleDTOG_RX                            0x08001a0b   Thumb Code    32  usb_regs.o(.text)
    ToggleDTOG_TX                            0x08001a2b   Thumb Code    32  usb_regs.o(.text)
    ClearDTOG_RX                             0x08001a4b   Thumb Code    46  usb_regs.o(.text)
    ClearDTOG_TX                             0x08001a79   Thumb Code    46  usb_regs.o(.text)
    SetEPAddress                             0x08001aa7   Thumb Code    32  usb_regs.o(.text)
    GetEPAddress                             0x08001ac7   Thumb Code    18  usb_regs.o(.text)
    SetEPTxAddr                              0x08001ad9   Thumb Code    26  usb_regs.o(.text)
    SetEPRxAddr                              0x08001af3   Thumb Code    42  usb_regs.o(.text)
    GetEPTxAddr                              0x08001b1d   Thumb Code    22  usb_regs.o(.text)
    GetEPRxAddr                              0x08001b33   Thumb Code    24  usb_regs.o(.text)
    SetEPTxCount                             0x08001b4b   Thumb Code    20  usb_regs.o(.text)
    SetEPCountRxReg                          0x08001b5f   Thumb Code    48  usb_regs.o(.text)
    SetEPRxCount                             0x08001b8f   Thumb Code    68  usb_regs.o(.text)
    GetEPTxCount                             0x08001bd3   Thumb Code    26  usb_regs.o(.text)
    GetEPRxCount                             0x08001bed   Thumb Code    26  usb_regs.o(.text)
    SetEPDblBuffAddr                         0x08001c07   Thumb Code    44  usb_regs.o(.text)
    SetEPDblBuf0Addr                         0x08001c33   Thumb Code    24  usb_regs.o(.text)
    SetEPDblBuf1Addr                         0x08001c4b   Thumb Code    26  usb_regs.o(.text)
    GetEPDblBuf0Addr                         0x08001c65   Thumb Code    22  usb_regs.o(.text)
    GetEPDblBuf1Addr                         0x08001c7b   Thumb Code    24  usb_regs.o(.text)
    SetEPDblBuffCount                        0x08001c93   Thumb Code   186  usb_regs.o(.text)
    SetEPDblBuf0Count                        0x08001d4d   Thumb Code    96  usb_regs.o(.text)
    SetEPDblBuf1Count                        0x08001dad   Thumb Code    96  usb_regs.o(.text)
    GetEPDblBuf0Count                        0x08001e0d   Thumb Code    26  usb_regs.o(.text)
    GetEPDblBuf1Count                        0x08001e27   Thumb Code    26  usb_regs.o(.text)
    GetEPDblBufDir                           0x08001e41   Thumb Code    62  usb_regs.o(.text)
    FreeUserBuffer                           0x08001e7f   Thumb Code    74  usb_regs.o(.text)
    ToWord                                   0x08001ec9   Thumb Code     8  usb_regs.o(.text)
    ByteSwap                                 0x08001ed1   Thumb Code    12  usb_regs.o(.text)
    Set_USBClock                             0x08001ee9   Thumb Code    24  hw_config.o(.text)
    Enter_LowPowerMode                       0x08001f01   Thumb Code     8  hw_config.o(.text)
    Leave_LowPowerMode                       0x08001f09   Thumb Code    22  hw_config.o(.text)
    USB_Interrupts_Config                    0x08001f1f   Thumb Code    56  hw_config.o(.text)
    keyboard_Send                            0x08001f57   Thumb Code    78  hw_config.o(.text)
    Mouse_Send                               0x08001fa5   Thumb Code    68  hw_config.o(.text)
    Joystick_Send                            0x08001fe9   Thumb Code    78  hw_config.o(.text)
    Get_SerialNum                            0x08002037   Thumb Code    62  hw_config.o(.text)
    NMIException                             0x0800208d   Thumb Code     2  stm32f10x_it.o(.text)
    HardFaultException                       0x0800208f   Thumb Code     4  stm32f10x_it.o(.text)
    MemManageException                       0x08002093   Thumb Code     4  stm32f10x_it.o(.text)
    BusFaultException                        0x08002097   Thumb Code     4  stm32f10x_it.o(.text)
    UsageFaultException                      0x0800209b   Thumb Code     4  stm32f10x_it.o(.text)
    DebugMonitor                             0x0800209f   Thumb Code     2  stm32f10x_it.o(.text)
    SVCHandler                               0x080020a1   Thumb Code     2  stm32f10x_it.o(.text)
    PendSVC                                  0x080020a3   Thumb Code     2  stm32f10x_it.o(.text)
    SysTickHandler                           0x080020a5   Thumb Code     2  stm32f10x_it.o(.text)
    PVD_IRQHandler                           0x080020a7   Thumb Code     2  stm32f10x_it.o(.text)
    TAMPER_IRQHandler                        0x080020a9   Thumb Code     2  stm32f10x_it.o(.text)
    FLASH_IRQHandler                         0x080020ab   Thumb Code     2  stm32f10x_it.o(.text)
    RCC_IRQHandler                           0x080020ad   Thumb Code     2  stm32f10x_it.o(.text)
    EXTI2_IRQHandler                         0x080020af   Thumb Code     2  stm32f10x_it.o(.text)
    EXTI3_IRQHandler                         0x080020b1   Thumb Code     2  stm32f10x_it.o(.text)
    EXTI4_IRQHandler                         0x080020b3   Thumb Code     2  stm32f10x_it.o(.text)
    DMA1_Channel1_IRQHandler                 0x080020b5   Thumb Code     2  stm32f10x_it.o(.text)
    DMA1_Channel2_IRQHandler                 0x080020b7   Thumb Code     2  stm32f10x_it.o(.text)
    DMA1_Channel3_IRQHandler                 0x080020b9   Thumb Code     2  stm32f10x_it.o(.text)
    DMA1_Channel4_IRQHandler                 0x080020bb   Thumb Code     2  stm32f10x_it.o(.text)
    DMA1_Channel5_IRQHandler                 0x080020bd   Thumb Code     2  stm32f10x_it.o(.text)
    DMA1_Channel6_IRQHandler                 0x080020bf   Thumb Code     2  stm32f10x_it.o(.text)
    DMA1_Channel7_IRQHandler                 0x080020c1   Thumb Code     2  stm32f10x_it.o(.text)
    ADC1_2_IRQHandler                        0x080020c3   Thumb Code     2  stm32f10x_it.o(.text)
    USB_HP_CAN_TX_IRQHandler                 0x080020c5   Thumb Code     2  stm32f10x_it.o(.text)
    USB_LP_CAN_RX0_IRQHandler                0x080020c7   Thumb Code     8  stm32f10x_it.o(.text)
    CAN_RX1_IRQHandler                       0x080020cf   Thumb Code     2  stm32f10x_it.o(.text)
    CAN_SCE_IRQHandler                       0x080020d1   Thumb Code     2  stm32f10x_it.o(.text)
    EXTI9_5_IRQHandler                       0x080020d3   Thumb Code     2  stm32f10x_it.o(.text)
    TIM1_BRK_IRQHandler                      0x080020d5   Thumb Code     2  stm32f10x_it.o(.text)
    TIM1_UP_IRQHandler                       0x080020d7   Thumb Code     2  stm32f10x_it.o(.text)
    TIM1_TRG_COM_IRQHandler                  0x080020d9   Thumb Code     2  stm32f10x_it.o(.text)
    TIM1_CC_IRQHandler                       0x080020db   Thumb Code     2  stm32f10x_it.o(.text)
    TIM2_IRQHandler                          0x080020dd   Thumb Code     2  stm32f10x_it.o(.text)
    TIM4_IRQHandler                          0x080020df   Thumb Code     2  stm32f10x_it.o(.text)
    I2C1_EV_IRQHandler                       0x080020e1   Thumb Code     2  stm32f10x_it.o(.text)
    I2C1_ER_IRQHandler                       0x080020e3   Thumb Code     2  stm32f10x_it.o(.text)
    I2C2_EV_IRQHandler                       0x080020e5   Thumb Code     2  stm32f10x_it.o(.text)
    I2C2_ER_IRQHandler                       0x080020e7   Thumb Code     2  stm32f10x_it.o(.text)
    SPI1_IRQHandler                          0x080020e9   Thumb Code     2  stm32f10x_it.o(.text)
    SPI2_IRQHandler                          0x080020eb   Thumb Code     2  stm32f10x_it.o(.text)
    USART1_IRQHandler                        0x080020ed   Thumb Code     2  stm32f10x_it.o(.text)
    USART2_IRQHandler                        0x080020ef   Thumb Code     2  stm32f10x_it.o(.text)
    USART3_IRQHandler                        0x080020f1   Thumb Code     2  stm32f10x_it.o(.text)
    RTCAlarm_IRQHandler                      0x080020f3   Thumb Code     2  stm32f10x_it.o(.text)
    USBWakeUp_IRQHandler                     0x080020f5   Thumb Code    14  stm32f10x_it.o(.text)
    TIM8_BRK_IRQHandler                      0x08002103   Thumb Code     2  stm32f10x_it.o(.text)
    TIM8_UP_IRQHandler                       0x08002105   Thumb Code     2  stm32f10x_it.o(.text)
    TIM8_TRG_COM_IRQHandler                  0x08002107   Thumb Code     2  stm32f10x_it.o(.text)
    TIM8_CC_IRQHandler                       0x08002109   Thumb Code     2  stm32f10x_it.o(.text)
    ADC3_IRQHandler                          0x0800210b   Thumb Code     2  stm32f10x_it.o(.text)
    FSMC_IRQHandler                          0x0800210d   Thumb Code     2  stm32f10x_it.o(.text)
    SDIO_IRQHandler                          0x0800210f   Thumb Code     2  stm32f10x_it.o(.text)
    TIM5_IRQHandler                          0x08002111   Thumb Code     2  stm32f10x_it.o(.text)
    SPI3_IRQHandler                          0x08002113   Thumb Code     2  stm32f10x_it.o(.text)
    UART4_IRQHandler                         0x08002115   Thumb Code     2  stm32f10x_it.o(.text)
    UART5_IRQHandler                         0x08002117   Thumb Code     2  stm32f10x_it.o(.text)
    TIM6_IRQHandler                          0x08002119   Thumb Code     2  stm32f10x_it.o(.text)
    TIM7_IRQHandler                          0x0800211b   Thumb Code     2  stm32f10x_it.o(.text)
    DMA2_Channel1_IRQHandler                 0x0800211d   Thumb Code     2  stm32f10x_it.o(.text)
    DMA2_Channel2_IRQHandler                 0x0800211f   Thumb Code     2  stm32f10x_it.o(.text)
    DMA2_Channel3_IRQHandler                 0x08002121   Thumb Code     2  stm32f10x_it.o(.text)
    DMA2_Channel4_5_IRQHandler               0x08002123   Thumb Code     2  stm32f10x_it.o(.text)
    USB_Istr                                 0x08002129   Thumb Code   222  usb_istr.o(.text)
    EP1_IN_Callback                          0x08002207   Thumb Code     8  usb_istr.o(.text)
    EP2_IN_Callback                          0x0800220f   Thumb Code     8  usb_istr.o(.text)
    EP1_OUT_Callback                         0x08002217   Thumb Code    10  usb_istr.o(.text)
    Joystick_init                            0x08002241   Thumb Code    50  usb_prop.o(.text)
    Joystick_Reset                           0x08002273   Thumb Code   204  usb_prop.o(.text)
    Joystick_SetConfiguration                0x0800233f   Thumb Code     2  usb_prop.o(.text)
    Joystick_SetDeviceAddress                0x08002341   Thumb Code     2  usb_prop.o(.text)
    Joystick_Status_In                       0x08002343   Thumb Code     2  usb_prop.o(.text)
    Joystick_Status_Out                      0x08002345   Thumb Code     2  usb_prop.o(.text)
    Joystick_GetProtocolValue                0x08002347   Thumb Code    20  usb_prop.o(.text)
    Mouse_GetHIDDescriptor                   0x0800235b   Thumb Code    14  usb_prop.o(.text)
    KP_GetHIDDescriptor                      0x08002369   Thumb Code    14  usb_prop.o(.text)
    Mouse_GetReportDescriptor                0x08002377   Thumb Code    20  usb_prop.o(.text)
    KP_GetReportDescriptor                   0x0800238b   Thumb Code    14  usb_prop.o(.text)
    Joystick_Data_Setup                      0x08002399   Thumb Code   144  usb_prop.o(.text)
    Joystick_SetProtocol                     0x08002429   Thumb Code    14  usb_prop.o(.text)
    Joystick_NoData_Setup                    0x08002437   Thumb Code    32  usb_prop.o(.text)
    Joystick_GetDeviceDescriptor             0x08002457   Thumb Code    14  usb_prop.o(.text)
    Joystick_GetConfigDescriptor             0x08002465   Thumb Code    14  usb_prop.o(.text)
    Joystick_GetStringDescriptor             0x08002473   Thumb Code    24  usb_prop.o(.text)
    Joystick_Get_Interface_Setting           0x0800248b   Thumb Code    22  usb_prop.o(.text)
    PowerOn                                  0x080024dd   Thumb Code    46  usb_pwr.o(.text)
    PowerOff                                 0x0800250b   Thumb Code    22  usb_pwr.o(.text)
    Suspend                                  0x08002521   Thumb Code    34  usb_pwr.o(.text)
    Resume_Init                              0x08002543   Thumb Code    30  usb_pwr.o(.text)
    Resume                                   0x08002561   Thumb Code   168  usb_pwr.o(.text)
    KS_Init                                  0x08002615   Thumb Code    58  keyscanner.o(.text)
    KS_ScanForKeyPress_3                     0x0800264f   Thumb Code    18  keyscanner.o(.text)
    KS_ScanForKeyPress_2                     0x08002661   Thumb Code    46  keyscanner.o(.text)
    KS_ScanForKeyPress_4                     0x0800268f   Thumb Code   118  keyscanner.o(.text)
    KS_PrintScanLines                        0x08002705   Thumb Code     2  keyscanner.o(.text)
    KS_UpdateModifiers                       0x08002707   Thumb Code    18  keyscanner.o(.text)
    KS_IsModifier                            0x08002719   Thumb Code    62  keyscanner.o(.text)
    KS_ReadScanCode                          0x08002757   Thumb Code   138  keyscanner.o(.text)
    KS_GpioPinInit                           0x080027e1   Thumb Code     6  keyscanner.o(.text)
    USB_Send_Key_Press                       0x080027f9   Thumb Code    16  usb_keyboard.o(.text)
    USB_Send_Key_Release                     0x08002809   Thumb Code    86  usb_keyboard.o(.text)
    USB_Send_All_Keys_Released               0x0800285f   Thumb Code    84  usb_keyboard.o(.text)
    Mouse_Data_Pro                           0x080028b5   Thumb Code    48  mouse.o(.text)
    Init_Mouse                               0x080028e5   Thumb Code   430  mouse.o(.text)
    PS2_Set_Int                              0x08002aa9   Thumb Code    46  ps2.o(.text)
    PS2_Dis_Data_Report                      0x08002ad7   Thumb Code    38  ps2.o(.text)
    EXTI15_10_IRQHandler                     0x08002afd   Thumb Code   480  ps2.o(.text)
    PS2_En_Data_Report                       0x08002cdd   Thumb Code    64  ps2.o(.text)
    Wait_PS2_Scl                             0x08002d1d   Thumb Code    52  ps2.o(.text)
    PS2_Get_Byte                             0x08002d51   Thumb Code    86  ps2.o(.text)
    PS2_Send_Cmd                             0x08002da7   Thumb Code   362  ps2.o(.text)
    PS2_Init_o                               0x08002f11   Thumb Code   132  ps2.o(.text)
    PS2_Init                                 0x08002f95   Thumb Code   162  ps2.o(.text)
    __use_no_semihosting                     0x08003059   Thumb Code     2  use_no_semi_2.o(.text)
    __use_two_region_memory                  0x0800305b   Thumb Code     2  heapauxi.o(.text)
    __rt_heap_escrow$2region                 0x0800305d   Thumb Code     2  heapauxi.o(.text)
    __rt_heap_expand$2region                 0x0800305f   Thumb Code     2  heapauxi.o(.text)
    __I$use$semihosting                      0x08003061   Thumb Code     0  use_no_semi.o(.text)
    __use_no_semihosting_swi                 0x08003061   Thumb Code     2  use_no_semi.o(.text)
    __user_setup_stackheap                   0x08003063   Thumb Code    74  sys_stackheap_outer.o(.text)
    exit                                     0x080030ad   Thumb Code    12  exit.o(.text)
    __user_libspace                          0x080030b9   Thumb Code     8  libspace.o(.text)
    __user_perproc_libspace                  0x080030b9   Thumb Code     0  libspace.o(.text)
    __user_perthread_libspace                0x080030b9   Thumb Code     0  libspace.o(.text)
    __aeabi_fadd                             0x080030c1   Thumb Code     0  faddsub_clz.o(x$fpl$fadd)
    _fadd                                    0x080030c1   Thumb Code   196  faddsub_clz.o(x$fpl$fadd)
    __aeabi_fdiv                             0x08003185   Thumb Code     0  fdiv.o(x$fpl$fdiv)
    _fdiv                                    0x08003185   Thumb Code   384  fdiv.o(x$fpl$fdiv)
    __aeabi_f2uiz                            0x08003309   Thumb Code     0  ffixu.o(x$fpl$ffixu)
    _ffixu                                   0x08003309   Thumb Code    62  ffixu.o(x$fpl$ffixu)
    __aeabi_ui2f                             0x08003349   Thumb Code     0  fflt_clz.o(x$fpl$ffltu)
    _ffltu                                   0x08003349   Thumb Code    38  fflt_clz.o(x$fpl$ffltu)
    __aeabi_fmul                             0x08003371   Thumb Code     0  fmul.o(x$fpl$fmul)
    _fmul                                    0x08003371   Thumb Code   258  fmul.o(x$fpl$fmul)
    __fpl_fnaninf                            0x08003473   Thumb Code   140  fnaninf.o(x$fpl$fnaninf)
    __fpl_fretinf                            0x080034ff   Thumb Code    10  fretinf.o(x$fpl$fretinf)
    __aeabi_frsub                            0x08003509   Thumb Code     0  faddsub_clz.o(x$fpl$frsb)
    _frsb                                    0x08003509   Thumb Code    20  faddsub_clz.o(x$fpl$frsb)
    __aeabi_fsub                             0x0800351d   Thumb Code     0  faddsub_clz.o(x$fpl$fsub)
    _fsub                                    0x0800351d   Thumb Code   234  faddsub_clz.o(x$fpl$fsub)
    Joystick_DeviceDescriptor                0x08003606   Data          18  usb_desc.o(.constdata)
    __I$use$fp                               0x08003606   Number         0  usenofp.o(x$fpl$usenofp)
    Joystick_ConfigDescriptor                0x08003618   Data          66  usb_desc.o(.constdata)
    KeyboardReportDescriptor                 0x0800365a   Data          63  usb_desc.o(.constdata)
    MouseReportDescriptor                    0x08003699   Data          54  usb_desc.o(.constdata)
    Joystick_StringLangID                    0x080036cf   Data           4  usb_desc.o(.constdata)
    Joystick_StringVendor                    0x080036d3   Data          38  usb_desc.o(.constdata)
    Joystick_StringProduct                   0x080036f9   Data          30  usb_desc.o(.constdata)
    Region$$Table$$Base                      0x08003718   Number         0  anon$$obj.o(Region$$Table)
    Region$$Table$$Limit                     0x08003738   Number         0  anon$$obj.o(Region$$Table)
    keysScanned                              0x20000000   Data           1  test.o(.data)
    scanCodeBuffer                           0x20000001   Data           8  test.o(.data)
    modifiers                                0x20000009   Data           1  test.o(.data)
    keypress                                 0x2000000a   Data           1  test.o(.data)
    mousepress                               0x2000000b   Data           1  test.o(.data)
    i                                        0x2000000c   Data           1  test.o(.data)
    ret                                      0x2000000d   Data           1  test.o(.data)
    StatusInfo                               0x20000012   Data           2  usb_core.o(.data)
    Data_Mul_MaxPacketSize                   0x20000014   Data           1  usb_core.o(.data)
    EPindex                                  0x20000018   Data           1  usb_init.o(.data)
    pInformation                             0x2000001c   Data           4  usb_init.o(.data)
    pProperty                                0x20000020   Data           4  usb_init.o(.data)
    SaveState                                0x20000024   Data           2  usb_init.o(.data)
    wInterrupt_Mask                          0x20000026   Data           2  usb_init.o(.data)
    pUser_Standard_Requests                  0x20000028   Data           4  usb_init.o(.data)
    SaveRState                               0x2000002c   Data           2  usb_int.o(.data)
    SaveTState                               0x2000002e   Data           2  usb_int.o(.data)
    Joystick_StringSerial                    0x20000030   Data          26  usb_desc.o(.data)
    wIstr                                    0x2000004c   Data           2  usb_istr.o(.data)
    bIntPackSOF                              0x2000004e   Data           1  usb_istr.o(.data)
    pEpInt_IN                                0x20000050   Data          28  usb_istr.o(.data)
    pEpInt_OUT                               0x2000006c   Data          28  usb_istr.o(.data)
    EP1BUSY                                  0x20000088   Data           1  usb_istr.o(.data)
    EP2BUSY                                  0x20000089   Data           1  usb_istr.o(.data)
    ProtocolValue                            0x2000008c   Data           4  usb_prop.o(.data)
    Device_Table                             0x20000090   Data           2  usb_prop.o(.data)
    Device_Property                          0x20000094   Data          48  usb_prop.o(.data)
    User_Standard_Requests                   0x200000c4   Data          36  usb_prop.o(.data)
    Device_Descriptor                        0x200000e8   Data           8  usb_prop.o(.data)
    Config_Descriptor                        0x200000f0   Data           8  usb_prop.o(.data)
    KP_Report_Descriptor                     0x200000f8   Data           8  usb_prop.o(.data)
    KP_Hid_Descriptor                        0x20000100   Data           8  usb_prop.o(.data)
    Mouse_Report_Descriptor                  0x20000108   Data           8  usb_prop.o(.data)
    Mouse_Hid_Descriptor                     0x20000110   Data           8  usb_prop.o(.data)
    String_Descriptor                        0x20000118   Data          32  usb_prop.o(.data)
    INIT_OK                                  0x20000138   Data           1  usb_prop.o(.data)
    bDeviceState                             0x2000013c   Data           4  usb_pwr.o(.data)
    fSuspendEnabled                          0x20000140   Data           1  usb_pwr.o(.data)
    ResumeS                                  0x20000141   Data           2  usb_pwr.o(.data)
    KEY_MAP                                  0x20000144   Data         256  keyscanner.o(.data)
    KEY_MAP1                                 0x20000244   Data         512  keyscanner.o(.data)
    KEY_MAP2                                 0x20000444   Data         512  keyscanner.o(.data)
    KEYBOARD_ID1                             0x20000644   Data           1  keyboard.o(.data)
    KEYBOARD_ID2                             0x20000645   Data           1  keyboard.o(.data)
    KEYBOARD_COUNT                           0x20000646   Data           2  keyboard.o(.data)
    MOUSE_ID                                 0x20000648   Data           1  mouse.o(.data)
    MouseX                                   0x2000064a   Data           8  mouse.o(.data)
    PS2_Status                               0x20000652   Data           1  ps2.o(.data)
    BIT_Count                                0x20000653   Data           1  ps2.o(.data)
    Device_Info                              0x20000658   Data          28  usb_init.o(.bss)
    PS2_DATA_BUF                             0x20000674   Data          16  ps2.o(.bss)
    __libspace_start                         0x20000684   Data          96  libspace.o(.bss)
    __temporary_stack_top$libspace           0x200006e4   Data           0  libspace.o(.bss)



==============================================================================

Memory Map of the image

  Image Entry point : 0x080000ed

  Load Region LR_IROM1 (Base: 0x08000000, Size: 0x00003d90, Max: 0x00040000, ABSOLUTE, COMPRESSED[0x00003a50])

    Execution Region ER_IROM1 (Base: 0x08000000, Size: 0x00003738, Max: 0x00040000, ABSOLUTE)

    Base Addr    Size         Type   Attr      Idx    E Section Name        Object

    0x08000000   0x000000ec   Data   RO            3    RESET               stm32f10x.o
    0x080000ec   0x00000008   Code   RO          478  * !!!main             c_w.l(__main.o)
    0x080000f4   0x00000034   Code   RO          661    !!!scatter          c_w.l(__scatter.o)
    0x08000128   0x0000005a   Code   RO          659    !!dczerorl2         c_w.l(__dczerorl2.o)
    0x08000182   0x00000002   PAD
    0x08000184   0x0000001c   Code   RO          663    !!handler_zi        c_w.l(__scatter_zi.o)
    0x080001a0   0x00000002   Code   RO          534    .ARM.Collect$$libinit$$00000000  c_w.l(libinit.o)
    0x080001a2   0x00000000   Code   RO          541    .ARM.Collect$$libinit$$00000002  c_w.l(libinit2.o)
    0x080001a2   0x00000000   Code   RO          543    .ARM.Collect$$libinit$$00000004  c_w.l(libinit2.o)
    0x080001a2   0x00000000   Code   RO          546    .ARM.Collect$$libinit$$0000000A  c_w.l(libinit2.o)
    0x080001a2   0x00000000   Code   RO          548    .ARM.Collect$$libinit$$0000000C  c_w.l(libinit2.o)
    0x080001a2   0x00000000   Code   RO          550    .ARM.Collect$$libinit$$0000000E  c_w.l(libinit2.o)
    0x080001a2   0x00000000   Code   RO          553    .ARM.Collect$$libinit$$00000011  c_w.l(libinit2.o)
    0x080001a2   0x00000000   Code   RO          555    .ARM.Collect$$libinit$$00000013  c_w.l(libinit2.o)
    0x080001a2   0x00000000   Code   RO          557    .ARM.Collect$$libinit$$00000015  c_w.l(libinit2.o)
    0x080001a2   0x00000000   Code   RO          559    .ARM.Collect$$libinit$$00000017  c_w.l(libinit2.o)
    0x080001a2   0x00000000   Code   RO          561    .ARM.Collect$$libinit$$00000019  c_w.l(libinit2.o)
    0x080001a2   0x00000000   Code   RO          563    .ARM.Collect$$libinit$$0000001B  c_w.l(libinit2.o)
    0x080001a2   0x00000000   Code   RO          565    .ARM.Collect$$libinit$$0000001D  c_w.l(libinit2.o)
    0x080001a2   0x00000000   Code   RO          567    .ARM.Collect$$libinit$$0000001F  c_w.l(libinit2.o)
    0x080001a2   0x00000000   Code   RO          569    .ARM.Collect$$libinit$$00000021  c_w.l(libinit2.o)
    0x080001a2   0x00000000   Code   RO          571    .ARM.Collect$$libinit$$00000023  c_w.l(libinit2.o)
    0x080001a2   0x00000000   Code   RO          573    .ARM.Collect$$libinit$$00000025  c_w.l(libinit2.o)
    0x080001a2   0x00000000   Code   RO          577    .ARM.Collect$$libinit$$0000002C  c_w.l(libinit2.o)
    0x080001a2   0x00000000   Code   RO          579    .ARM.Collect$$libinit$$0000002E  c_w.l(libinit2.o)
    0x080001a2   0x00000000   Code   RO          581    .ARM.Collect$$libinit$$00000030  c_w.l(libinit2.o)
    0x080001a2   0x00000000   Code   RO          583    .ARM.Collect$$libinit$$00000032  c_w.l(libinit2.o)
    0x080001a2   0x00000002   Code   RO          584    .ARM.Collect$$libinit$$00000033  c_w.l(libinit2.o)
    0x080001a4   0x00000002   Code   RO          602    .ARM.Collect$$libshutdown$$00000000  c_w.l(libshutdown.o)
    0x080001a6   0x00000000   Code   RO          613    .ARM.Collect$$libshutdown$$00000003  c_w.l(libshutdown2.o)
    0x080001a6   0x00000000   Code   RO          616    .ARM.Collect$$libshutdown$$00000006  c_w.l(libshutdown2.o)
    0x080001a6   0x00000000   Code   RO          619    .ARM.Collect$$libshutdown$$00000009  c_w.l(libshutdown2.o)
    0x080001a6   0x00000000   Code   RO          621    .ARM.Collect$$libshutdown$$0000000B  c_w.l(libshutdown2.o)
    0x080001a6   0x00000000   Code   RO          624    .ARM.Collect$$libshutdown$$0000000E  c_w.l(libshutdown2.o)
    0x080001a6   0x00000002   Code   RO          625    .ARM.Collect$$libshutdown$$0000000F  c_w.l(libshutdown2.o)
    0x080001a8   0x00000000   Code   RO          504    .ARM.Collect$$rtentry$$00000000  c_w.l(__rtentry.o)
    0x080001a8   0x00000000   Code   RO          511    .ARM.Collect$$rtentry$$00000002  c_w.l(__rtentry2.o)
    0x080001a8   0x00000006   Code   RO          523    .ARM.Collect$$rtentry$$00000004  c_w.l(__rtentry4.o)
    0x080001ae   0x00000000   Code   RO          513    .ARM.Collect$$rtentry$$00000009  c_w.l(__rtentry2.o)
    0x080001ae   0x00000004   Code   RO          514    .ARM.Collect$$rtentry$$0000000A  c_w.l(__rtentry2.o)
    0x080001b2   0x00000000   Code   RO          516    .ARM.Collect$$rtentry$$0000000C  c_w.l(__rtentry2.o)
    0x080001b2   0x00000008   Code   RO          517    .ARM.Collect$$rtentry$$0000000D  c_w.l(__rtentry2.o)
    0x080001ba   0x00000002   Code   RO          538    .ARM.Collect$$rtexit$$00000000  c_w.l(rtexit.o)
    0x080001bc   0x00000000   Code   RO          586    .ARM.Collect$$rtexit$$00000002  c_w.l(rtexit2.o)
    0x080001bc   0x00000004   Code   RO          587    .ARM.Collect$$rtexit$$00000003  c_w.l(rtexit2.o)
    0x080001c0   0x00000006   Code   RO          588    .ARM.Collect$$rtexit$$00000004  c_w.l(rtexit2.o)
    0x080001c6   0x00000002   PAD
    0x080001c8   0x00000002   Code   RO          117    .emb_text           sys.o
    0x080001ca   0x00000002   PAD
    0x080001cc   0x00000034   Code   RO            4    .text               stm32f10x.o
    0x08000200   0x00000134   Code   RO           10    .text               test.o
    0x08000334   0x000000b0   Code   RO          103    .text               delay.o
    0x080003e4   0x000002dc   Code   RO          118    .text               sys.o
    0x080006c0   0x000000e4   Code   RO          133    .text               usart.o
    0x080007a4   0x00000b20   Code   RO          156    .text               usb_core.o
    0x080012c4   0x0000003c   Code   RO          186    .text               usb_init.o
    0x08001300   0x000003d4   Code   RO          209    .text               usb_int.o
    0x080016d4   0x0000005c   Code   RO          233    .text               usb_mem.o
    0x08001730   0x000007b8   Code   RO          245    .text               usb_regs.o
    0x08001ee8   0x000001a4   Code   RO          257    .text               hw_config.o
    0x0800208c   0x0000009c   Code   RO          276    .text               stm32f10x_it.o
    0x08002128   0x00000118   Code   RO          304    .text               usb_istr.o
    0x08002240   0x0000029c   Code   RO          329    .text               usb_prop.o
    0x080024dc   0x00000138   Code   RO          356    .text               usb_pwr.o
    0x08002614   0x000001e4   Code   RO          374    .text               keyscanner.o
    0x080027f8   0x000000ba   Code   RO          389    .text               usb_keyboard.o
    0x080028b2   0x00000002   PAD
    0x080028b4   0x000001f4   Code   RO          426    .text               mouse.o
    0x08002aa8   0x000005b0   Code   RO          448    .text               ps2.o
    0x08003058   0x00000002   Code   RO          474    .text               c_w.l(use_no_semi_2.o)
    0x0800305a   0x00000006   Code   RO          476    .text               c_w.l(heapauxi.o)
    0x08003060   0x00000002   Code   RO          502    .text               c_w.l(use_no_semi.o)
    0x08003062   0x0000004a   Code   RO          525    .text               c_w.l(sys_stackheap_outer.o)
    0x080030ac   0x0000000c   Code   RO          527    .text               c_w.l(exit.o)
    0x080030b8   0x00000008   Code   RO          535    .text               c_w.l(libspace.o)
    0x080030c0   0x000000c4   Code   RO          480    x$fpl$fadd          fz_ws.l(faddsub_clz.o)
    0x08003184   0x00000184   Code   RO          487    x$fpl$fdiv          fz_ws.l(fdiv.o)
    0x08003308   0x0000003e   Code   RO          490    x$fpl$ffixu         fz_ws.l(ffixu.o)
    0x08003346   0x00000002   PAD
    0x08003348   0x00000026   Code   RO          494    x$fpl$ffltu         fz_ws.l(fflt_clz.o)
    0x0800336e   0x00000002   PAD
    0x08003370   0x00000102   Code   RO          500    x$fpl$fmul          fz_ws.l(fmul.o)
    0x08003472   0x0000008c   Code   RO          505    x$fpl$fnaninf       fz_ws.l(fnaninf.o)
    0x080034fe   0x0000000a   Code   RO          507    x$fpl$fretinf       fz_ws.l(fretinf.o)
    0x08003508   0x00000014   Code   RO          481    x$fpl$frsb          fz_ws.l(faddsub_clz.o)
    0x0800351c   0x000000ea   Code   RO          482    x$fpl$fsub          fz_ws.l(faddsub_clz.o)
    0x08003606   0x00000000   Code   RO          509    x$fpl$usenofp       fz_ws.l(usenofp.o)
    0x08003606   0x00000111   Data   RO          291    .constdata          usb_desc.o
    0x08003717   0x00000001   PAD
    0x08003718   0x00000020   Data   RO          657    Region$$Table       anon$$obj.o


    Execution Region RW_IRAM1 (Base: 0x20000000, Size: 0x000008e8, Max: 0x0000c000, ABSOLUTE, COMPRESSED[0x00000318])

    Base Addr    Size         Type   Attr      Idx    E Section Name        Object

    0x20000000   0x0000000e   Data   RW           11    .data               test.o
    0x2000000e   0x00000004   Data   RW          104    .data               delay.o
    0x20000012   0x00000003   Data   RW          157    .data               usb_core.o
    0x20000015   0x00000003   PAD
    0x20000018   0x00000014   Data   RW          188    .data               usb_init.o
    0x2000002c   0x00000004   Data   RW          210    .data               usb_int.o
    0x20000030   0x0000001a   Data   RW          292    .data               usb_desc.o
    0x2000004a   0x00000002   PAD
    0x2000004c   0x0000003e   Data   RW          305    .data               usb_istr.o
    0x2000008a   0x00000002   PAD
    0x2000008c   0x000000ad   Data   RW          330    .data               usb_prop.o
    0x20000139   0x00000003   PAD
    0x2000013c   0x00000007   Data   RW          357    .data               usb_pwr.o
    0x20000143   0x00000001   PAD
    0x20000144   0x00000500   Data   RW          375    .data               keyscanner.o
    0x20000644   0x00000004   Data   RW          405    .data               keyboard.o
    0x20000648   0x0000000a   Data   RW          427    .data               mouse.o
    0x20000652   0x00000004   Data   RW          450    .data               ps2.o
    0x20000656   0x00000002   PAD
    0x20000658   0x0000001c   Zero   RW          187    .bss                usb_init.o
    0x20000674   0x00000010   Zero   RW          449    .bss                ps2.o
    0x20000684   0x00000060   Zero   RW          536    .bss                c_w.l(libspace.o)
    0x200006e4   0x00000004   PAD
    0x200006e8   0x00000000   Zero   RW            2    HEAP                stm32f10x.o
    0x200006e8   0x00000200   Zero   RW            1    STACK               stm32f10x.o


==============================================================================

Image component sizes


      Code (inc. data)   RO Data    RW Data    ZI Data      Debug   Object Name

       176          8          0          4          0        947   delay.o
       420         24          0          0          0       2392   hw_config.o
         0          0          0          4          0        283   keyboard.o
       484         26          0       1280          0       3287   keyscanner.o
       500         22          0         10          0       1954   mouse.o
      1456         94          0          4         16       3069   ps2.o
        52         18        236          0        512        752   stm32f10x.o
       156          4          0          0          0       6902   stm32f10x_it.o
       734         48          0          0          0       2639   sys.o
       308         46          0         14          0      20838   test.o
       228         16          0          0          0       2475   usart.o
      2848        112          0          3          0      18823   usb_core.o
         0          0        273         26          0       1030   usb_desc.o
        60         24          0         20         28       3790   usb_init.o
       980         32          0          4          0       1720   usb_int.o
       280         32          0         62          0       1645   usb_istr.o
       186          0          0          0          0       1669   usb_keyboard.o
        92          6          0          0          0       1238   usb_mem.o
       668         60          0        173          0       7763   usb_prop.o
       312         20          0          7          0       2473   usb_pwr.o
      1976         26          0          0          0      11477   usb_regs.o

    ----------------------------------------------------------------------
     11920        618        542       1624        556      97166   Object Totals
         0          0         32          0          0          0   (incl. Generated)
         4          0          1         13          0          0   (incl. Padding)

    ----------------------------------------------------------------------

      Code (inc. data)   RO Data    RW Data    ZI Data      Debug   Library Member Name

        90          0          0          0          0          0   __dczerorl2.o
         8          0          0          0          0         68   __main.o
         0          0          0          0          0          0   __rtentry.o
        12          0          0          0          0          0   __rtentry2.o
         6          0          0          0          0          0   __rtentry4.o
        52          8          0          0          0          0   __scatter.o
        28          0          0          0          0          0   __scatter_zi.o
        12          0          0          0          0         72   exit.o
         6          0          0          0          0        152   heapauxi.o
         2          0          0          0          0          0   libinit.o
         2          0          0          0          0          0   libinit2.o
         2          0          0          0          0          0   libshutdown.o
         2          0          0          0          0          0   libshutdown2.o
         8          4          0          0         96         68   libspace.o
         2          0          0          0          0          0   rtexit.o
        10          0          0          0          0          0   rtexit2.o
        74          0          0          0          0         80   sys_stackheap_outer.o
         2          0          0          0          0         68   use_no_semi.o
         2          0          0          0          0         68   use_no_semi_2.o
       450          8          0          0          0        236   faddsub_clz.o
       388         76          0          0          0         96   fdiv.o
        62          4          0          0          0         84   ffixu.o
        38          0          0          0          0         68   fflt_clz.o
       258          4          0          0          0         84   fmul.o
       140          4          0          0          0         84   fnaninf.o
        10          0          0          0          0         68   fretinf.o
         0          0          0          0          0          0   usenofp.o

    ----------------------------------------------------------------------
      1674        108          0          0        100       1296   Library Totals
         8          0          0          0          4          0   (incl. Padding)

    ----------------------------------------------------------------------

      Code (inc. data)   RO Data    RW Data    ZI Data      Debug   Library Name

       320         12          0          0         96        576   c_w.l
      1346         96          0          0          0        720   fz_ws.l

    ----------------------------------------------------------------------
      1674        108          0          0        100       1296   Library Totals

    ----------------------------------------------------------------------

==============================================================================


      Code (inc. data)   RO Data    RW Data    ZI Data      Debug   

     13594        726        542       1624        656      96014   Grand Totals
     13594        726        542        792        656      96014   ELF Image Totals (compressed)
     13594        726        542        792          0          0   ROM Totals

==============================================================================

    Total RO  Size (Code + RO Data)                14136 (  13.80kB)
    Total RW  Size (RW Data + ZI Data)              2280 (   2.23kB)
    Total ROM Size (Code + RO Data + RW Data)      14928 (  14.58kB)

==============================================================================

